Signal        Stop	Print	Pass to program	Description
SIGPIPE       No	No	Yes		Broken pipe
Reading symbols from /usr/lib/beyondcompare/BCompare...
(No debugging symbols found in /usr/lib/beyondcompare/BCompare)
Function "main" not defined.
Starting program: /usr/lib/beyondcompare/BCompare 

This GDB supports auto-downloading debuginfo from the following URLs:
  <https://debuginfod.ubuntu.com>
Debuginfod has been disabled.
To make this setting permanent, add 'set debuginfod enabled off' to .gdbinit.
[Thread debugging using libthread_db enabled]
Using host libthread_db library "/lib/x86_64-linux-gnu/libthread_db.so.1".
[New Thread 0x7ffff23ff6c0 (LWP 2566929)]
[New Thread 0x7ffff1bfe6c0 (LWP 2566930)]
[New Thread 0x7fffebfff6c0 (LWP 2566932)]
[New Thread 0x7fffeb7fe6c0 (LWP 2566933)]
[New Thread 0x7fffeaffd6c0 (LWP 2566934)]
[New Thread 0x7fffea74d6c0 (LWP 2566937)]
[New Thread 0x7fffe9b6d6c0 (LWP 2566938)]

Thread 1 "BCompare" received signal SIGSEGV, Segmentation fault.
0x0000555557297c7d in ?? ()
process 2566925
Mapped address spaces:

          Start Addr           End Addr       Size     Offset  Perms  objfile
      0x555555554000     0x555556203000   0xcaf000        0x0  r--p   /usr/lib/beyondcompare/BCompare
      0x555556203000     0x55555730b000  0x1108000   0xcaf000  r-xp   /usr/lib/beyondcompare/BCompare
      0x55555730b000     0x55555757a000   0x26f000  0x1db7000  r--p   /usr/lib/beyondcompare/BCompare
      0x55555757a000     0x55555757b000     0x1000  0x2026000  r--p   /usr/lib/beyondcompare/BCompare
      0x55555757b000     0x555558003000   0xa88000  0x2027000  rw-p   /usr/lib/beyondcompare/BCompare
      0x555558003000     0x55555814d000   0x14a000        0x0  rw-p   
      0x55555814d000     0x55555867e000   0x531000        0x0  rw-p   [heap]
      0x7fffd0000000     0x7fffd00a7000    0xa7000        0x0  rw-p   
      0x7fffd00a7000     0x7fffd4000000  0x3f59000        0x0  ---p   
      0x7fffd4000000     0x7fffd4021000    0x21000        0x0  rw-p   
      0x7fffd4021000     0x7fffd8000000  0x3fdf000        0x0  ---p   
      0x7fffd8000000     0x7fffd8021000    0x21000        0x0  rw-p   
      0x7fffd8021000     0x7fffdc000000  0x3fdf000        0x0  ---p   
      0x7fffdc000000     0x7fffdc021000    0x21000        0x0  rw-p   
      0x7fffdc021000     0x7fffe0000000  0x3fdf000        0x0  ---p   
      0x7fffe0000000     0x7fffe0021000    0x21000        0x0  rw-p   
      0x7fffe0021000     0x7fffe4000000  0x3fdf000        0x0  ---p   
      0x7fffe4000000     0x7fffe4021000    0x21000        0x0  rw-p   
      0x7fffe4021000     0x7fffe8000000  0x3fdf000        0x0  ---p   
      0x7fffe8f18000     0x7fffe8f2c000    0x14000        0x0  r--p   /usr/lib/beyondcompare/libunrar.so
      0x7fffe8f2c000     0x7fffe8f6a000    0x3e000    0x14000  r-xp   /usr/lib/beyondcompare/libunrar.so
      0x7fffe8f6a000     0x7fffe8f79000     0xf000    0x52000  r--p   /usr/lib/beyondcompare/libunrar.so
      0x7fffe8f79000     0x7fffe8f7a000     0x1000    0x60000  r--p   /usr/lib/beyondcompare/libunrar.so
      0x7fffe8f7a000     0x7fffe8f7c000     0x2000    0x61000  rw-p   /usr/lib/beyondcompare/libunrar.so
      0x7fffe8f7c000     0x7fffe976d000   0x7f1000        0x0  rw-p   
      0x7fffe976d000     0x7fffe976e000     0x1000        0x0  ---p   
      0x7fffe976e000     0x7fffe9b6e000   0x400000        0x0  rw-p   
      0x7fffe9b6e000     0x7fffe9bc2000    0x54000        0x0  r--p   /usr/share/fonts/truetype/dejavu/DejaVuSansMono.ttf
      0x7fffe9bc2000     0x7fffe9cca000   0x108000        0x0  r--p   /usr/share/fonts/truetype/ubuntu/UbuntuSans[wdth,wght].ttf
      0x7fffe9cca000     0x7fffe9dd2000   0x108000        0x0  r--p   /usr/share/fonts/truetype/ubuntu/UbuntuSans[wdth,wght].ttf
      0x7fffe9df8000     0x7fffe9e06000     0xe000        0x0  r--s   /var/cache/fontconfig/a4e60e8d1e10d2fdff3fe3037a1845fb-le64.cache-9
      0x7fffe9e06000     0x7fffe9e0b000     0x5000        0x0  r--s   /var/cache/fontconfig/6aa41aa22e18b8fa06a12da28ea9c28b-le64.cache-9
      0x7fffe9e0b000     0x7fffe9e69000    0x5e000        0x0  r--s   /var/cache/fontconfig/2300eef321c393bfd76478a5c0e95b23-le64.cache-9
      0x7fffe9e69000     0x7fffe9e6f000     0x6000        0x0  r--s   /var/cache/fontconfig/bbd3eebb6912613e2596f2fd46535a95-le64.cache-9
      0x7fffe9e6f000     0x7fffe9ee4000    0x75000        0x0  r--s   /var/cache/fontconfig/0bd3dc0958fa2205aaaa8ebb13e2872b-le64.cache-9
      0x7fffe9ee4000     0x7fffe9eec000     0x8000        0x0  r--s   /var/cache/fontconfig/3047814df9a2f067bd2d96a2b9c36e5a-le64.cache-9
      0x7fffe9eec000     0x7fffe9efc000    0x10000        0x0  r--s   /var/cache/fontconfig/6cc790b63b123a6a96ee260fcdad32a9-le64.cache-9
      0x7fffe9efc000     0x7fffe9f28000    0x2c000        0x0  r--s   /var/cache/fontconfig/e13b20fdb08344e0e664864cc2ede53d-le64.cache-9
      0x7fffe9f28000     0x7fffe9f4d000    0x25000        0x0  r--s   /var/cache/fontconfig/467c019e582ee353435ea5c21d137ef6-le64.cache-9
      0x7fffe9f4d000     0x7fffe9f4e000     0x1000        0x0  ---p   
      0x7fffe9f4e000     0x7fffea74e000   0x800000        0x0  rw-p   
      0x7fffea74e000     0x7fffea751000     0x3000        0x0  r--p   /usr/lib/x86_64-linux-gnu/libvorbis.so.0.4.9
      0x7fffea751000     0x7fffea769000    0x18000     0x3000  r-xp   /usr/lib/x86_64-linux-gnu/libvorbis.so.0.4.9
      0x7fffea769000     0x7fffea77a000    0x11000    0x1b000  r--p   /usr/lib/x86_64-linux-gnu/libvorbis.so.0.4.9
      0x7fffea77a000     0x7fffea77b000     0x1000    0x2b000  r--p   /usr/lib/x86_64-linux-gnu/libvorbis.so.0.4.9
      0x7fffea77b000     0x7fffea77c000     0x1000    0x2c000  rw-p   /usr/lib/x86_64-linux-gnu/libvorbis.so.0.4.9
      0x7fffea77c000     0x7fffea7e5000    0x69000        0x0  rw-p   
      0x7fffea7e7000     0x7fffea7ec000     0x5000        0x0  r--s   /var/cache/fontconfig/c57959a16110560c8d0fcea73374aeeb-le64.cache-9
      0x7fffea7ec000     0x7fffea7fd000    0x11000        0x0  r--s   /var/cache/fontconfig/9b89f8e3dae116d678bbf48e5f21f69b-le64.cache-9
      0x7fffea7fd000     0x7fffea7fe000     0x1000        0x0  ---p   
      0x7fffea7fe000     0x7fffeaffe000   0x800000        0x0  rw-p   
      0x7fffeaffe000     0x7fffeafff000     0x1000        0x0  ---p   
      0x7fffeafff000     0x7fffeb7ff000   0x800000        0x0  rw-p   
      0x7fffeb7ff000     0x7fffeb800000     0x1000        0x0  ---p   
      0x7fffeb800000     0x7fffec000000   0x800000        0x0  rw-p   
      0x7fffec000000     0x7fffec021000    0x21000        0x0  rw-p   
      0x7fffec021000     0x7ffff0000000  0x3fdf000        0x0  ---p   
      0x7ffff0001000     0x7ffff000e000     0xd000        0x0  r--s   /var/cache/fontconfig/d589a48862398ed80a3d6066f4f56f4c-le64.cache-9
      0x7ffff000e000     0x7ffff001d000     0xf000        0x0  r--s   /var/cache/fontconfig/8f02d4cb045bd6ce15663e43f347c9f8-le64.cache-9
      0x7ffff001d000     0x7ffff001f000     0x2000        0x0  r--p   /usr/lib/x86_64-linux-gnu/libogg.so.0.8.5
      0x7ffff001f000     0x7ffff0022000     0x3000     0x2000  r-xp   /usr/lib/x86_64-linux-gnu/libogg.so.0.8.5
      0x7ffff0022000     0x7ffff0025000     0x3000     0x5000  r--p   /usr/lib/x86_64-linux-gnu/libogg.so.0.8.5
      0x7ffff0025000     0x7ffff0026000     0x1000     0x7000  r--p   /usr/lib/x86_64-linux-gnu/libogg.so.0.8.5
      0x7ffff0026000     0x7ffff0027000     0x1000     0x8000  rw-p   /usr/lib/x86_64-linux-gnu/libogg.so.0.8.5
      0x7ffff0027000     0x7ffff0029000     0x2000        0x0  r--p   /usr/lib/x86_64-linux-gnu/libltdl.so.7.3.2
      0x7ffff0029000     0x7ffff002e000     0x5000     0x2000  r-xp   /usr/lib/x86_64-linux-gnu/libltdl.so.7.3.2
      0x7ffff002e000     0x7ffff0030000     0x2000     0x7000  r--p   /usr/lib/x86_64-linux-gnu/libltdl.so.7.3.2
      0x7ffff0030000     0x7ffff0031000     0x1000     0x8000  r--p   /usr/lib/x86_64-linux-gnu/libltdl.so.7.3.2
      0x7ffff0031000     0x7ffff0032000     0x1000     0x9000  rw-p   /usr/lib/x86_64-linux-gnu/libltdl.so.7.3.2
      0x7ffff0032000     0x7ffff0036000     0x4000        0x0  r--p   /usr/lib/x86_64-linux-gnu/libtdb.so.1.4.10
      0x7ffff0036000     0x7ffff0044000     0xe000     0x4000  r-xp   /usr/lib/x86_64-linux-gnu/libtdb.so.1.4.10
      0x7ffff0044000     0x7ffff0049000     0x5000    0x12000  r--p   /usr/lib/x86_64-linux-gnu/libtdb.so.1.4.10
      0x7ffff0049000     0x7ffff004a000     0x1000    0x16000  r--p   /usr/lib/x86_64-linux-gnu/libtdb.so.1.4.10
      0x7ffff004a000     0x7ffff004b000     0x1000    0x17000  rw-p   /usr/lib/x86_64-linux-gnu/libtdb.so.1.4.10
      0x7ffff004d000     0x7ffff0056000     0x9000        0x0  r--s   /var/cache/fontconfig/bf3b770c553c462765856025a94f1ce6-le64.cache-9
      0x7ffff0056000     0x7ffff0065000     0xf000        0x0  r--p   /usr/lib/x86_64-linux-gnu/qt6/plugins/platforminputcontexts/libibusplatforminputcontextplugin.so
      0x7ffff0065000     0x7ffff007a000    0x15000     0xe000  r-xp   /usr/lib/x86_64-linux-gnu/qt6/plugins/platforminputcontexts/libibusplatforminputcontextplugin.so
      0x7ffff007a000     0x7ffff007b000     0x1000    0x24000  ---p   /usr/lib/x86_64-linux-gnu/qt6/plugins/platforminputcontexts/libibusplatforminputcontextplugin.so
      0x7ffff007b000     0x7ffff007d000     0x2000    0x23000  r--p   /usr/lib/x86_64-linux-gnu/qt6/plugins/platforminputcontexts/libibusplatforminputcontextplugin.so
      0x7ffff007d000     0x7ffff007e000     0x1000    0x24000  rw-p   /usr/lib/x86_64-linux-gnu/qt6/plugins/platforminputcontexts/libibusplatforminputcontextplugin.so
      0x7ffff007e000     0x7ffff007f000     0x1000        0x0  rw-p   
      0x7ffff007f000     0x7ffff00c0000    0x41000        0x0  rw-p   
      0x7ffff00c1000     0x7ffff00c4000     0x3000        0x0  rw-p   
      0x7ffff00c4000     0x7ffff00c6000     0x2000        0x0  r--p   /usr/lib/x86_64-linux-gnu/libvorbisfile.so.3.3.8
      0x7ffff00c6000     0x7ffff00cb000     0x5000     0x2000  r-xp   /usr/lib/x86_64-linux-gnu/libvorbisfile.so.3.3.8
      0x7ffff00cb000     0x7ffff00cc000     0x1000     0x7000  r--p   /usr/lib/x86_64-linux-gnu/libvorbisfile.so.3.3.8
      0x7ffff00cc000     0x7ffff00cd000     0x1000     0x7000  r--p   /usr/lib/x86_64-linux-gnu/libvorbisfile.so.3.3.8
      0x7ffff00cd000     0x7ffff00ce000     0x1000     0x8000  rw-p   /usr/lib/x86_64-linux-gnu/libvorbisfile.so.3.3.8
      0x7ffff00ce000     0x7ffff00d1000     0x3000        0x0  r--p   /usr/lib/x86_64-linux-gnu/libcanberra.so.0.2.5
      0x7ffff00d1000     0x7ffff00dc000     0xb000     0x3000  r-xp   /usr/lib/x86_64-linux-gnu/libcanberra.so.0.2.5
      0x7ffff00dc000     0x7ffff00df000     0x3000     0xe000  r--p   /usr/lib/x86_64-linux-gnu/libcanberra.so.0.2.5
      0x7ffff00df000     0x7ffff00e0000     0x1000    0x10000  r--p   /usr/lib/x86_64-linux-gnu/libcanberra.so.0.2.5
      0x7ffff00e0000     0x7ffff00e1000     0x1000    0x11000  rw-p   /usr/lib/x86_64-linux-gnu/libcanberra.so.0.2.5
      0x7ffff00e1000     0x7ffff00f3000    0x12000        0x0  r--p   /usr/lib/x86_64-linux-gnu/gvfs/libgvfscommon.so
      0x7ffff00f3000     0x7ffff010f000    0x1c000    0x12000  r-xp   /usr/lib/x86_64-linux-gnu/gvfs/libgvfscommon.so
      0x7ffff010f000     0x7ffff011b000     0xc000    0x2e000  r--p   /usr/lib/x86_64-linux-gnu/gvfs/libgvfscommon.so
      0x7ffff011b000     0x7ffff0121000     0x6000    0x39000  r--p   /usr/lib/x86_64-linux-gnu/gvfs/libgvfscommon.so
      0x7ffff0121000     0x7ffff0122000     0x1000    0x3f000  rw-p   /usr/lib/x86_64-linux-gnu/gvfs/libgvfscommon.so
      0x7ffff0122000     0x7ffff012c000     0xa000        0x0  r--p   /usr/lib/x86_64-linux-gnu/gio/modules/libgvfsdbus.so
      0x7ffff012c000     0x7ffff014a000    0x1e000     0xa000  r-xp   /usr/lib/x86_64-linux-gnu/gio/modules/libgvfsdbus.so
      0x7ffff014a000     0x7ffff0152000     0x8000    0x28000  r--p   /usr/lib/x86_64-linux-gnu/gio/modules/libgvfsdbus.so
      0x7ffff0152000     0x7ffff0154000     0x2000    0x30000  r--p   /usr/lib/x86_64-linux-gnu/gio/modules/libgvfsdbus.so
      0x7ffff0154000     0x7ffff0155000     0x1000    0x32000  rw-p   /usr/lib/x86_64-linux-gnu/gio/modules/libgvfsdbus.so
      0x7ffff0155000     0x7ffff0209000    0xb4000        0x0  r--p   /usr/share/themes/Yaru-red-dark/gtk-3.0/gtk.gresource
      0x7ffff0209000     0x7ffff0237000    0x2e000        0x0  r--p   /usr/share/locale-langpack/ru/LC_MESSAGES/glib20.mo
      0x7ffff0237000     0x7ffff027b000    0x44000        0x0  r--p   /usr/share/locale-langpack/ru/LC_MESSAGES/gtk30-properties.mo
      0x7ffff027b000     0x7ffff02aa000    0x2f000        0x0  r--p   /usr/share/locale-langpack/ru/LC_MESSAGES/libc.mo
      0x7ffff02aa000     0x7ffff02b1000     0x7000        0x0  r--p   /usr/lib/x86_64-linux-gnu/libblkid.so.1.1.0
      0x7ffff02b1000     0x7ffff02d5000    0x24000     0x7000  r-xp   /usr/lib/x86_64-linux-gnu/libblkid.so.1.1.0
      0x7ffff02d5000     0x7ffff02de000     0x9000    0x2b000  r--p   /usr/lib/x86_64-linux-gnu/libblkid.so.1.1.0
      0x7ffff02de000     0x7ffff02e4000     0x6000    0x33000  r--p   /usr/lib/x86_64-linux-gnu/libblkid.so.1.1.0
      0x7ffff02e4000     0x7ffff02e5000     0x1000    0x39000  rw-p   /usr/lib/x86_64-linux-gnu/libblkid.so.1.1.0
      0x7ffff02e5000     0x7ffff02e7000     0x2000        0x0  r--p   /usr/lib/x86_64-linux-gnu/libdatrie.so.1.4.0
      0x7ffff02e7000     0x7ffff02eb000     0x4000     0x2000  r-xp   /usr/lib/x86_64-linux-gnu/libdatrie.so.1.4.0
      0x7ffff02eb000     0x7ffff02ec000     0x1000     0x6000  r--p   /usr/lib/x86_64-linux-gnu/libdatrie.so.1.4.0
      0x7ffff02ec000     0x7ffff02ed000     0x1000     0x6000  r--p   /usr/lib/x86_64-linux-gnu/libdatrie.so.1.4.0
      0x7ffff02ed000     0x7ffff02ee000     0x1000     0x7000  rw-p   /usr/lib/x86_64-linux-gnu/libdatrie.so.1.4.0
      0x7ffff02ee000     0x7ffff02fe000    0x10000        0x0  r--p   /usr/lib/x86_64-linux-gnu/libatspi.so.0.0.1
      0x7ffff02fe000     0x7ffff0317000    0x19000    0x10000  r-xp   /usr/lib/x86_64-linux-gnu/libatspi.so.0.0.1
      0x7ffff0317000     0x7ffff0324000     0xd000    0x29000  r--p   /usr/lib/x86_64-linux-gnu/libatspi.so.0.0.1
      0x7ffff0324000     0x7ffff0327000     0x3000    0x36000  r--p   /usr/lib/x86_64-linux-gnu/libatspi.so.0.0.1
      0x7ffff0327000     0x7ffff0328000     0x1000    0x39000  rw-p   /usr/lib/x86_64-linux-gnu/libatspi.so.0.0.1
      0x7ffff0328000     0x7ffff0332000     0xa000        0x0  r--p   /usr/lib/x86_64-linux-gnu/libpixman-1.so.0.42.2
      0x7ffff0332000     0x7ffff03bf000    0x8d000     0xa000  r-xp   /usr/lib/x86_64-linux-gnu/libpixman-1.so.0.42.2
      0x7ffff03bf000     0x7ffff03ce000     0xf000    0x97000  r--p   /usr/lib/x86_64-linux-gnu/libpixman-1.so.0.42.2
      0x7ffff03ce000     0x7ffff03d6000     0x8000    0xa5000  r--p   /usr/lib/x86_64-linux-gnu/libpixman-1.so.0.42.2
      0x7ffff03d6000     0x7ffff03d7000     0x1000    0xad000  rw-p   /usr/lib/x86_64-linux-gnu/libpixman-1.so.0.42.2
      0x7ffff03d7000     0x7ffff03d9000     0x2000        0x0  r--p   /usr/lib/x86_64-linux-gnu/libXrender.so.1.3.0
      0x7ffff03d9000     0x7ffff03e0000     0x7000     0x2000  r-xp   /usr/lib/x86_64-linux-gnu/libXrender.so.1.3.0
      0x7ffff03e0000     0x7ffff03e1000     0x1000     0x9000  r--p   /usr/lib/x86_64-linux-gnu/libXrender.so.1.3.0
      0x7ffff03e1000     0x7ffff03e2000     0x1000     0x9000  r--p   /usr/lib/x86_64-linux-gnu/libXrender.so.1.3.0
      0x7ffff03e2000     0x7ffff03e3000     0x1000     0xa000  rw-p   /usr/lib/x86_64-linux-gnu/libXrender.so.1.3.0
      0x7ffff03e3000     0x7ffff03e5000     0x2000        0x0  r--p   /usr/lib/x86_64-linux-gnu/libffi.so.8.1.4
      0x7ffff03e5000     0x7ffff03ec000     0x7000     0x2000  r-xp   /usr/lib/x86_64-linux-gnu/libffi.so.8.1.4
      0x7ffff03ec000     0x7ffff03ed000     0x1000     0x9000  r--p   /usr/lib/x86_64-linux-gnu/libffi.so.8.1.4
      0x7ffff03ed000     0x7ffff03ee000     0x1000     0xa000  r--p   /usr/lib/x86_64-linux-gnu/libffi.so.8.1.4
      0x7ffff03ee000     0x7ffff03ef000     0x1000     0xb000  rw-p   /usr/lib/x86_64-linux-gnu/libffi.so.8.1.4
      0x7ffff03ef000     0x7ffff03f5000     0x6000        0x0  r--p   /usr/lib/x86_64-linux-gnu/libselinux.so.1
      0x7ffff03f5000     0x7ffff0412000    0x1d000     0x6000  r-xp   /usr/lib/x86_64-linux-gnu/libselinux.so.1
      0x7ffff0412000     0x7ffff0418000     0x6000    0x23000  r--p   /usr/lib/x86_64-linux-gnu/libselinux.so.1
      0x7ffff0418000     0x7ffff0419000     0x1000    0x29000  r--p   /usr/lib/x86_64-linux-gnu/libselinux.so.1
      0x7ffff0419000     0x7ffff041a000     0x1000    0x2a000  rw-p   /usr/lib/x86_64-linux-gnu/libselinux.so.1
      0x7ffff041a000     0x7ffff041c000     0x2000        0x0  rw-p   
      0x7ffff041c000     0x7ffff0425000     0x9000        0x0  r--p   /usr/lib/x86_64-linux-gnu/libmount.so.1.1.0
      0x7ffff0425000     0x7ffff0459000    0x34000     0x9000  r-xp   /usr/lib/x86_64-linux-gnu/libmount.so.1.1.0
      0x7ffff0459000     0x7ffff0466000     0xd000    0x3d000  r--p   /usr/lib/x86_64-linux-gnu/libmount.so.1.1.0
      0x7ffff0466000     0x7ffff0468000     0x2000    0x49000  r--p   /usr/lib/x86_64-linux-gnu/libmount.so.1.1.0
      0x7ffff0468000     0x7ffff0469000     0x1000    0x4b000  rw-p   /usr/lib/x86_64-linux-gnu/libmount.so.1.1.0
      0x7ffff0469000     0x7ffff046d000     0x4000        0x0  r--p   /usr/lib/x86_64-linux-gnu/libjpeg.so.8.2.2
      0x7ffff046d000     0x7ffff04ba000    0x4d000     0x4000  r-xp   /usr/lib/x86_64-linux-gnu/libjpeg.so.8.2.2
      0x7ffff04ba000     0x7ffff04ea000    0x30000    0x51000  r--p   /usr/lib/x86_64-linux-gnu/libjpeg.so.8.2.2
      0x7ffff04ea000     0x7ffff04eb000     0x1000    0x81000  r--p   /usr/lib/x86_64-linux-gnu/libjpeg.so.8.2.2
      0x7ffff04eb000     0x7ffff04ec000     0x1000    0x82000  rw-p   /usr/lib/x86_64-linux-gnu/libjpeg.so.8.2.2
      0x7ffff04ec000     0x7ffff04ee000     0x2000        0x0  r--p   /usr/lib/x86_64-linux-gnu/libthai.so.0.3.1
      0x7ffff04ee000     0x7ffff04f2000     0x4000     0x2000  r-xp   /usr/lib/x86_64-linux-gnu/libthai.so.0.3.1
      0x7ffff04f2000     0x7ffff04f5000     0x3000     0x6000  r--p   /usr/lib/x86_64-linux-gnu/libthai.so.0.3.1
      0x7ffff04f5000     0x7ffff04f6000     0x1000     0x8000  r--p   /usr/lib/x86_64-linux-gnu/libthai.so.0.3.1
      0x7ffff04f6000     0x7ffff04f7000     0x1000     0x9000  rw-p   /usr/lib/x86_64-linux-gnu/libthai.so.0.3.1
      0x7ffff04f7000     0x7ffff04f8000     0x1000        0x0  r--p   /usr/lib/x86_64-linux-gnu/libXinerama.so.1.0.0
      0x7ffff04f8000     0x7ffff04f9000     0x1000     0x1000  r-xp   /usr/lib/x86_64-linux-gnu/libXinerama.so.1.0.0
      0x7ffff04f9000     0x7ffff04fa000     0x1000     0x2000  r--p   /usr/lib/x86_64-linux-gnu/libXinerama.so.1.0.0
      0x7ffff04fa000     0x7ffff04fb000     0x1000     0x2000  r--p   /usr/lib/x86_64-linux-gnu/libXinerama.so.1.0.0
      0x7ffff04fb000     0x7ffff04fc000     0x1000     0x3000  rw-p   /usr/lib/x86_64-linux-gnu/libXinerama.so.1.0.0
      0x7ffff04fc000     0x7ffff04fe000     0x2000        0x0  r--p   /usr/lib/x86_64-linux-gnu/libXrandr.so.2.2.0
      0x7ffff04fe000     0x7ffff0505000     0x7000     0x2000  r-xp   /usr/lib/x86_64-linux-gnu/libXrandr.so.2.2.0
      0x7ffff0505000     0x7ffff0507000     0x2000     0x9000  r--p   /usr/lib/x86_64-linux-gnu/libXrandr.so.2.2.0
      0x7ffff0507000     0x7ffff0508000     0x1000     0xa000  r--p   /usr/lib/x86_64-linux-gnu/libXrandr.so.2.2.0
      0x7ffff0508000     0x7ffff0509000     0x1000     0xb000  rw-p   /usr/lib/x86_64-linux-gnu/libXrandr.so.2.2.0
      0x7ffff0509000     0x7ffff050a000     0x1000        0x0  r--p   /usr/lib/x86_64-linux-gnu/libXcomposite.so.1.0.0
      0x7ffff050a000     0x7ffff050b000     0x1000     0x1000  r-xp   /usr/lib/x86_64-linux-gnu/libXcomposite.so.1.0.0
      0x7ffff050b000     0x7ffff050c000     0x1000     0x2000  r--p   /usr/lib/x86_64-linux-gnu/libXcomposite.so.1.0.0
      0x7ffff050c000     0x7ffff050d000     0x1000     0x2000  r--p   /usr/lib/x86_64-linux-gnu/libXcomposite.so.1.0.0
      0x7ffff050d000     0x7ffff050e000     0x1000     0x3000  rw-p   /usr/lib/x86_64-linux-gnu/libXcomposite.so.1.0.0
      0x7ffff050e000     0x7ffff050f000     0x1000        0x0  r--p   /usr/lib/x86_64-linux-gnu/libXdamage.so.1.1.0
      0x7ffff050f000     0x7ffff0510000     0x1000     0x1000  r-xp   /usr/lib/x86_64-linux-gnu/libXdamage.so.1.1.0
      0x7ffff0510000     0x7ffff0511000     0x1000     0x2000  r--p   /usr/lib/x86_64-linux-gnu/libXdamage.so.1.1.0
      0x7ffff0511000     0x7ffff0512000     0x1000     0x2000  r--p   /usr/lib/x86_64-linux-gnu/libXdamage.so.1.1.0
      0x7ffff0512000     0x7ffff0513000     0x1000     0x3000  rw-p   /usr/lib/x86_64-linux-gnu/libXdamage.so.1.1.0
      0x7ffff0513000     0x7ffff0515000     0x2000        0x0  r--p   /usr/lib/x86_64-linux-gnu/libXcursor.so.1.0.2
      0x7ffff0515000     0x7ffff051b000     0x6000     0x2000  r-xp   /usr/lib/x86_64-linux-gnu/libXcursor.so.1.0.2
      0x7ffff051b000     0x7ffff051d000     0x2000     0x8000  r--p   /usr/lib/x86_64-linux-gnu/libXcursor.so.1.0.2
      0x7ffff051d000     0x7ffff051e000     0x1000     0x9000  r--p   /usr/lib/x86_64-linux-gnu/libXcursor.so.1.0.2
      0x7ffff051e000     0x7ffff051f000     0x1000     0xa000  rw-p   /usr/lib/x86_64-linux-gnu/libXcursor.so.1.0.2
      0x7ffff051f000     0x7ffff0523000     0x4000        0x0  r--p   /usr/lib/x86_64-linux-gnu/libXext.so.6.4.0
      0x7ffff0523000     0x7ffff052e000     0xb000     0x4000  r-xp   /usr/lib/x86_64-linux-gnu/libXext.so.6.4.0
      0x7ffff052e000     0x7ffff0531000     0x3000     0xf000  r--p   /usr/lib/x86_64-linux-gnu/libXext.so.6.4.0
      0x7ffff0531000     0x7ffff0532000     0x1000    0x11000  r--p   /usr/lib/x86_64-linux-gnu/libXext.so.6.4.0
      0x7ffff0532000     0x7ffff0533000     0x1000    0x12000  rw-p   /usr/lib/x86_64-linux-gnu/libXext.so.6.4.0
      0x7ffff0533000     0x7ffff0535000     0x2000        0x0  r--p   /usr/lib/x86_64-linux-gnu/libwayland-cursor.so.0.25.0
      0x7ffff0535000     0x7ffff0538000     0x3000     0x2000  r-xp   /usr/lib/x86_64-linux-gnu/libwayland-cursor.so.0.25.0
      0x7ffff0538000     0x7ffff0539000     0x1000     0x5000  r--p   /usr/lib/x86_64-linux-gnu/libwayland-cursor.so.0.25.0
      0x7ffff0539000     0x7ffff053a000     0x1000     0x5000  r--p   /usr/lib/x86_64-linux-gnu/libwayland-cursor.so.0.25.0
      0x7ffff053a000     0x7ffff053e000     0x4000     0x6000  rw-p   /usr/lib/x86_64-linux-gnu/libwayland-cursor.so.0.25.0
      0x7ffff053e000     0x7ffff0544000     0x6000        0x0  r--p   /usr/lib/x86_64-linux-gnu/libwayland-client.so.0.25.0
      0x7ffff0544000     0x7ffff054e000     0xa000     0x6000  r-xp   /usr/lib/x86_64-linux-gnu/libwayland-client.so.0.25.0
      0x7ffff054e000     0x7ffff0552000     0x4000    0x10000  r--p   /usr/lib/x86_64-linux-gnu/libwayland-client.so.0.25.0
      0x7ffff0552000     0x7ffff0554000     0x2000    0x13000  r--p   /usr/lib/x86_64-linux-gnu/libwayland-client.so.0.25.0
      0x7ffff0554000     0x7ffff0555000     0x1000    0x15000  rw-p   /usr/lib/x86_64-linux-gnu/libwayland-client.so.0.25.0
      0x7ffff0555000     0x7ffff0557000     0x2000        0x0  r--p   /usr/lib/x86_64-linux-gnu/libXfixes.so.3.1.0
      0x7ffff0557000     0x7ffff055a000     0x3000     0x2000  r-xp   /usr/lib/x86_64-linux-gnu/libXfixes.so.3.1.0
      0x7ffff055a000     0x7ffff055b000     0x1000     0x5000  r--p   /usr/lib/x86_64-linux-gnu/libXfixes.so.3.1.0
      0x7ffff055b000     0x7ffff055c000     0x1000     0x5000  r--p   /usr/lib/x86_64-linux-gnu/libXfixes.so.3.1.0
      0x7ffff055c000     0x7ffff055d000     0x1000     0x6000  rw-p   /usr/lib/x86_64-linux-gnu/libXfixes.so.3.1.0
      0x7ffff055d000     0x7ffff0569000     0xc000        0x0  r--p   /usr/lib/x86_64-linux-gnu/libatk-bridge-2.0.so.0.0.0
      0x7ffff0569000     0x7ffff0583000    0x1a000     0xc000  r-xp   /usr/lib/x86_64-linux-gnu/libatk-bridge-2.0.so.0.0.0
      0x7ffff0583000     0x7ffff0596000    0x13000    0x26000  r--p   /usr/lib/x86_64-linux-gnu/libatk-bridge-2.0.so.0.0.0
      0x7ffff0596000     0x7ffff0597000     0x1000    0x39000  r--p   /usr/lib/x86_64-linux-gnu/libatk-bridge-2.0.so.0.0.0
      0x7ffff0597000     0x7ffff0599000     0x2000    0x3a000  rw-p   /usr/lib/x86_64-linux-gnu/libatk-bridge-2.0.so.0.0.0
      0x7ffff0599000     0x7ffff059c000     0x3000        0x0  r--p   /usr/lib/x86_64-linux-gnu/libXi.so.6.1.0
      0x7ffff059c000     0x7ffff05a8000     0xc000     0x3000  r-xp   /usr/lib/x86_64-linux-gnu/libXi.so.6.1.0
      0x7ffff05a8000     0x7ffff05aa000     0x2000     0xf000  r--p   /usr/lib/x86_64-linux-gnu/libXi.so.6.1.0
      0x7ffff05aa000     0x7ffff05ab000     0x1000    0x11000  r--p   /usr/lib/x86_64-linux-gnu/libXi.so.6.1.0
      0x7ffff05ab000     0x7ffff05ac000     0x1000    0x12000  rw-p   /usr/lib/x86_64-linux-gnu/libXi.so.6.1.0
      0x7ffff05ac000     0x7ffff060c000    0x60000        0x0  r--p   /usr/lib/x86_64-linux-gnu/libepoxy.so.0.0.0
      0x7ffff060c000     0x7ffff0672000    0x66000    0x60000  r-xp   /usr/lib/x86_64-linux-gnu/libepoxy.so.0.0.0
      0x7ffff0672000     0x7ffff06c0000    0x4e000    0xc6000  r--p   /usr/lib/x86_64-linux-gnu/libepoxy.so.0.0.0
      0x7ffff06c0000     0x7ffff06c8000     0x8000   0x113000  r--p   /usr/lib/x86_64-linux-gnu/libepoxy.so.0.0.0
      0x7ffff06c8000     0x7ffff06cf000     0x7000   0x11b000  rw-p   /usr/lib/x86_64-linux-gnu/libepoxy.so.0.0.0
      0x7ffff06cf000     0x7ffff06da000     0xb000        0x0  r--p   /usr/lib/x86_64-linux-gnu/libatk-1.0.so.0.25209.1
      0x7ffff06da000     0x7ffff06ea000    0x10000     0xb000  r-xp   /usr/lib/x86_64-linux-gnu/libatk-1.0.so.0.25209.1
      0x7ffff06ea000     0x7ffff06f5000     0xb000    0x1b000  r--p   /usr/lib/x86_64-linux-gnu/libatk-1.0.so.0.25209.1
      0x7ffff06f5000     0x7ffff06f8000     0x3000    0x26000  r--p   /usr/lib/x86_64-linux-gnu/libatk-1.0.so.0.25209.1
      0x7ffff06f8000     0x7ffff06f9000     0x1000    0x29000  rw-p   /usr/lib/x86_64-linux-gnu/libatk-1.0.so.0.25209.1
      0x7ffff06f9000     0x7ffff06fd000     0x4000        0x0  r--p   /usr/lib/x86_64-linux-gnu/libcairo-gobject.so.2.11800.0
      0x7ffff06fd000     0x7ffff06ff000     0x2000     0x4000  r-xp   /usr/lib/x86_64-linux-gnu/libcairo-gobject.so.2.11800.0
      0x7ffff06ff000     0x7ffff0702000     0x3000     0x6000  r--p   /usr/lib/x86_64-linux-gnu/libcairo-gobject.so.2.11800.0
      0x7ffff0702000     0x7ffff0704000     0x2000     0x8000  r--p   /usr/lib/x86_64-linux-gnu/libcairo-gobject.so.2.11800.0
      0x7ffff0704000     0x7ffff0705000     0x1000     0xa000  rw-p   /usr/lib/x86_64-linux-gnu/libcairo-gobject.so.2.11800.0
      0x7ffff0705000     0x7ffff0707000     0x2000        0x0  r--p   /usr/lib/x86_64-linux-gnu/libfribidi.so.0.4.0
      0x7ffff0707000     0x7ffff070b000     0x4000     0x2000  r-xp   /usr/lib/x86_64-linux-gnu/libfribidi.so.0.4.0
      0x7ffff070b000     0x7ffff0721000    0x16000     0x6000  r--p   /usr/lib/x86_64-linux-gnu/libfribidi.so.0.4.0
      0x7ffff0721000     0x7ffff0722000     0x1000    0x1c000  r--p   /usr/lib/x86_64-linux-gnu/libfribidi.so.0.4.0
      0x7ffff0722000     0x7ffff0723000     0x1000    0x1d000  rw-p   /usr/lib/x86_64-linux-gnu/libfribidi.so.0.4.0
      0x7ffff0723000     0x7ffff0737000    0x14000        0x0  r--p   /usr/lib/x86_64-linux-gnu/libcairo.so.2.11800.0
      0x7ffff0737000     0x7ffff0828000    0xf1000    0x14000  r-xp   /usr/lib/x86_64-linux-gnu/libcairo.so.2.11800.0
      0x7ffff0828000     0x7ffff0860000    0x38000   0x105000  r--p   /usr/lib/x86_64-linux-gnu/libcairo.so.2.11800.0
      0x7ffff0860000     0x7ffff0864000     0x4000   0x13d000  r--p   /usr/lib/x86_64-linux-gnu/libcairo.so.2.11800.0
      0x7ffff0864000     0x7ffff0866000     0x2000   0x141000  rw-p   /usr/lib/x86_64-linux-gnu/libcairo.so.2.11800.0
      0x7ffff0866000     0x7ffff0867000     0x1000        0x0  rw-p   
      0x7ffff0867000     0x7ffff0876000     0xf000        0x0  r--p   /usr/lib/x86_64-linux-gnu/libgobject-2.0.so.0.8000.0
      0x7ffff0876000     0x7ffff08ad000    0x37000     0xf000  r-xp   /usr/lib/x86_64-linux-gnu/libgobject-2.0.so.0.8000.0
      0x7ffff08ad000     0x7ffff08c6000    0x19000    0x46000  r--p   /usr/lib/x86_64-linux-gnu/libgobject-2.0.so.0.8000.0
      0x7ffff08c6000     0x7ffff08c9000     0x3000    0x5e000  r--p   /usr/lib/x86_64-linux-gnu/libgobject-2.0.so.0.8000.0
      0x7ffff08c9000     0x7ffff08ca000     0x1000    0x61000  rw-p   /usr/lib/x86_64-linux-gnu/libgobject-2.0.so.0.8000.0
      0x7ffff08ca000     0x7ffff0903000    0x39000        0x0  r--p   /usr/lib/x86_64-linux-gnu/libgio-2.0.so.0.8000.0
      0x7ffff0903000     0x7ffff0a1a000   0x117000    0x39000  r-xp   /usr/lib/x86_64-linux-gnu/libgio-2.0.so.0.8000.0
      0x7ffff0a1a000     0x7ffff0a8f000    0x75000   0x150000  r--p   /usr/lib/x86_64-linux-gnu/libgio-2.0.so.0.8000.0
      0x7ffff0a8f000     0x7ffff0a97000     0x8000   0x1c4000  r--p   /usr/lib/x86_64-linux-gnu/libgio-2.0.so.0.8000.0
      0x7ffff0a97000     0x7ffff0a98000     0x1000   0x1cc000  rw-p   /usr/lib/x86_64-linux-gnu/libgio-2.0.so.0.8000.0
      0x7ffff0a98000     0x7ffff0a9a000     0x2000        0x0  rw-p   
      0x7ffff0a9a000     0x7ffff0aad000    0x13000        0x0  r--p   /usr/lib/x86_64-linux-gnu/libpango-1.0.so.0.5200.1
      0x7ffff0aad000     0x7ffff0ae6000    0x39000    0x13000  r-xp   /usr/lib/x86_64-linux-gnu/libpango-1.0.so.0.5200.1
      0x7ffff0ae6000     0x7ffff0b00000    0x1a000    0x4c000  r--p   /usr/lib/x86_64-linux-gnu/libpango-1.0.so.0.5200.1
      0x7ffff0b00000     0x7ffff0b04000     0x4000    0x65000  r--p   /usr/lib/x86_64-linux-gnu/libpango-1.0.so.0.5200.1
      0x7ffff0b04000     0x7ffff0b05000     0x1000    0x69000  rw-p   /usr/lib/x86_64-linux-gnu/libpango-1.0.so.0.5200.1
      0x7ffff0b05000     0x7ffff0b2f000    0x2a000        0x0  r--p   /usr/lib/x86_64-linux-gnu/libgdk-3.so.0.2409.32
      0x7ffff0b2f000     0x7ffff0bb3000    0x84000    0x2a000  r-xp   /usr/lib/x86_64-linux-gnu/libgdk-3.so.0.2409.32
      0x7ffff0bb3000     0x7ffff0bf5000    0x42000    0xae000  r--p   /usr/lib/x86_64-linux-gnu/libgdk-3.so.0.2409.32
      0x7ffff0bf5000     0x7ffff0bfe000     0x9000    0xef000  r--p   /usr/lib/x86_64-linux-gnu/libgdk-3.so.0.2409.32
      0x7ffff0bfe000     0x7ffff0c00000     0x2000    0xf8000  rw-p   /usr/lib/x86_64-linux-gnu/libgdk-3.so.0.2409.32
      0x7ffff0c00000     0x7ffff0c83000    0x83000        0x0  r--p   /usr/lib/x86_64-linux-gnu/libgtk-3.so.0.2409.32
      0x7ffff0c83000     0x7ffff1031000   0x3ae000    0x83000  r-xp   /usr/lib/x86_64-linux-gnu/libgtk-3.so.0.2409.32
      0x7ffff1031000     0x7ffff13b6000   0x385000   0x431000  r--p   /usr/lib/x86_64-linux-gnu/libgtk-3.so.0.2409.32
      0x7ffff13b6000     0x7ffff13c6000    0x10000   0x7b5000  r--p   /usr/lib/x86_64-linux-gnu/libgtk-3.so.0.2409.32
      0x7ffff13c6000     0x7ffff13c8000     0x2000   0x7c5000  rw-p   /usr/lib/x86_64-linux-gnu/libgtk-3.so.0.2409.32
      0x7ffff13c8000     0x7ffff13cd000     0x5000        0x0  rw-p   
      0x7ffff13cd000     0x7ffff13ce000     0x1000        0x0  r--p   /usr/lib/x86_64-linux-gnu/libwayland-egl.so.1.25.0
      0x7ffff13ce000     0x7ffff13cf000     0x1000     0x1000  r-xp   /usr/lib/x86_64-linux-gnu/libwayland-egl.so.1.25.0
      0x7ffff13cf000     0x7ffff13d0000     0x1000     0x2000  r--p   /usr/lib/x86_64-linux-gnu/libwayland-egl.so.1.25.0
      0x7ffff13d0000     0x7ffff13d1000     0x1000     0x2000  r--p   /usr/lib/x86_64-linux-gnu/libwayland-egl.so.1.25.0
      0x7ffff13d1000     0x7ffff13d2000     0x1000     0x3000  rw-p   /usr/lib/x86_64-linux-gnu/libwayland-egl.so.1.25.0
      0x7ffff13d2000     0x7ffff13da000     0x8000        0x0  r--p   /usr/lib/x86_64-linux-gnu/libpangoft2-1.0.so.0.5200.1
      0x7ffff13da000     0x7ffff13e7000     0xd000     0x8000  r-xp   /usr/lib/x86_64-linux-gnu/libpangoft2-1.0.so.0.5200.1
      0x7ffff13e7000     0x7ffff13eb000     0x4000    0x15000  r--p   /usr/lib/x86_64-linux-gnu/libpangoft2-1.0.so.0.5200.1
      0x7ffff13eb000     0x7ffff13ec000     0x1000    0x19000  r--p   /usr/lib/x86_64-linux-gnu/libpangoft2-1.0.so.0.5200.1
      0x7ffff13ec000     0x7ffff13ed000     0x1000    0x1a000  rw-p   /usr/lib/x86_64-linux-gnu/libpangoft2-1.0.so.0.5200.1
      0x7ffff13ed000     0x7ffff13f2000     0x5000        0x0  r--p   /usr/lib/x86_64-linux-gnu/libpangocairo-1.0.so.0.5200.1
      0x7ffff13f2000     0x7ffff13fa000     0x8000     0x5000  r-xp   /usr/lib/x86_64-linux-gnu/libpangocairo-1.0.so.0.5200.1
      0x7ffff13fa000     0x7ffff13fc000     0x2000     0xd000  r--p   /usr/lib/x86_64-linux-gnu/libpangocairo-1.0.so.0.5200.1
      0x7ffff13fc000     0x7ffff13fd000     0x1000     0xf000  r--p   /usr/lib/x86_64-linux-gnu/libpangocairo-1.0.so.0.5200.1
      0x7ffff13fd000     0x7ffff13fe000     0x1000    0x10000  rw-p   /usr/lib/x86_64-linux-gnu/libpangocairo-1.0.so.0.5200.1
      0x7ffff13fe000     0x7ffff13ff000     0x1000        0x0  ---p   
      0x7ffff13ff000     0x7ffff1bff000   0x800000        0x0  rw-p   
      0x7ffff1bff000     0x7ffff1c00000     0x1000        0x0  ---p   
      0x7ffff1c00000     0x7ffff2400000   0x800000        0x0  rw-p   
      0x7ffff2400000     0x7ffff273e000   0x33e000        0x0  r--p   /usr/lib/locale/locale-archive
      0x7ffff2740000     0x7ffff2742000     0x2000        0x0  r--p   /usr/lib/x86_64-linux-gnu/libgmodule-2.0.so.0.8000.0
      0x7ffff2742000     0x7ffff2744000     0x2000     0x2000  r-xp   /usr/lib/x86_64-linux-gnu/libgmodule-2.0.so.0.8000.0
      0x7ffff2744000     0x7ffff2745000     0x1000     0x4000  r--p   /usr/lib/x86_64-linux-gnu/libgmodule-2.0.so.0.8000.0
      0x7ffff2745000     0x7ffff2746000     0x1000     0x4000  r--p   /usr/lib/x86_64-linux-gnu/libgmodule-2.0.so.0.8000.0
      0x7ffff2746000     0x7ffff2747000     0x1000     0x5000  rw-p   /usr/lib/x86_64-linux-gnu/libgmodule-2.0.so.0.8000.0
      0x7ffff2747000     0x7ffff274f000     0x8000        0x0  r--p   /usr/lib/x86_64-linux-gnu/libgdk_pixbuf-2.0.so.0.4200.10
      0x7ffff274f000     0x7ffff276a000    0x1b000     0x8000  r-xp   /usr/lib/x86_64-linux-gnu/libgdk_pixbuf-2.0.so.0.4200.10
      0x7ffff276a000     0x7ffff2773000     0x9000    0x23000  r--p   /usr/lib/x86_64-linux-gnu/libgdk_pixbuf-2.0.so.0.4200.10
      0x7ffff2773000     0x7ffff2774000     0x1000    0x2c000  r--p   /usr/lib/x86_64-linux-gnu/libgdk_pixbuf-2.0.so.0.4200.10
      0x7ffff2774000     0x7ffff2775000     0x1000    0x2d000  rw-p   /usr/lib/x86_64-linux-gnu/libgdk_pixbuf-2.0.so.0.4200.10
      0x7ffff2775000     0x7ffff2784000     0xf000        0x0  r--p   /usr/lib/x86_64-linux-gnu/qt6/plugins/platformthemes/libqgtk3.so
      0x7ffff2784000     0x7ffff27a6000    0x22000     0xe000  r-xp   /usr/lib/x86_64-linux-gnu/qt6/plugins/platformthemes/libqgtk3.so
      0x7ffff27a6000     0x7ffff27a8000     0x2000    0x2f000  r--p   /usr/lib/x86_64-linux-gnu/qt6/plugins/platformthemes/libqgtk3.so
      0x7ffff27a8000     0x7ffff27aa000     0x2000    0x30000  rw-p   /usr/lib/x86_64-linux-gnu/qt6/plugins/platformthemes/libqgtk3.so
      0x7ffff27aa000     0x7ffff27ac000     0x2000        0x0  r--p   /usr/lib/x86_64-linux-gnu/libuuid.so.1.3.0
      0x7ffff27ac000     0x7ffff27b1000     0x5000     0x2000  r-xp   /usr/lib/x86_64-linux-gnu/libuuid.so.1.3.0
      0x7ffff27b1000     0x7ffff27b2000     0x1000     0x7000  r--p   /usr/lib/x86_64-linux-gnu/libuuid.so.1.3.0
      0x7ffff27b2000     0x7ffff27b3000     0x1000     0x7000  r--p   /usr/lib/x86_64-linux-gnu/libuuid.so.1.3.0
      0x7ffff27b3000     0x7ffff27b4000     0x1000     0x8000  rw-p   /usr/lib/x86_64-linux-gnu/libuuid.so.1.3.0
      0x7ffff27b4000     0x7ffff27b7000     0x3000        0x0  r--p   /usr/lib/x86_64-linux-gnu/libxcb-util.so.1.0.0
      0x7ffff27b7000     0x7ffff27b9000     0x2000     0x3000  r-xp   /usr/lib/x86_64-linux-gnu/libxcb-util.so.1.0.0
      0x7ffff27b9000     0x7ffff27ba000     0x1000     0x5000  r--p   /usr/lib/x86_64-linux-gnu/libxcb-util.so.1.0.0
      0x7ffff27ba000     0x7ffff27bb000     0x1000     0x6000  r--p   /usr/lib/x86_64-linux-gnu/libxcb-util.so.1.0.0
      0x7ffff27bb000     0x7ffff27bc000     0x1000     0x7000  rw-p   /usr/lib/x86_64-linux-gnu/libxcb-util.so.1.0.0
      0x7ffff27bc000     0x7ffff27bf000     0x3000        0x0  r--p   /usr/lib/x86_64-linux-gnu/libxkbcommon-x11.so.0.0.0
      0x7ffff27bf000     0x7ffff27c3000     0x4000     0x3000  r-xp   /usr/lib/x86_64-linux-gnu/libxkbcommon-x11.so.0.0.0
      0x7ffff27c3000     0x7ffff27c4000     0x1000     0x7000  r--p   /usr/lib/x86_64-linux-gnu/libxkbcommon-x11.so.0.0.0
      0x7ffff27c4000     0x7ffff27c5000     0x1000     0x8000  r--p   /usr/lib/x86_64-linux-gnu/libxkbcommon-x11.so.0.0.0
      0x7ffff27c5000     0x7ffff27c6000     0x1000     0x9000  rw-p   /usr/lib/x86_64-linux-gnu/libxkbcommon-x11.so.0.0.0
      0x7ffff27c6000     0x7ffff27d4000     0xe000        0x0  r--p   /usr/lib/x86_64-linux-gnu/libxcb-xinput.so.0.1.0
      0x7ffff27d4000     0x7ffff27e1000     0xd000     0xe000  r-xp   /usr/lib/x86_64-linux-gnu/libxcb-xinput.so.0.1.0
      0x7ffff27e1000     0x7ffff27e7000     0x6000    0x1b000  r--p   /usr/lib/x86_64-linux-gnu/libxcb-xinput.so.0.1.0
      0x7ffff27e7000     0x7ffff27e9000     0x2000    0x20000  r--p   /usr/lib/x86_64-linux-gnu/libxcb-xinput.so.0.1.0
      0x7ffff27e9000     0x7ffff27ea000     0x1000    0x22000  rw-p   /usr/lib/x86_64-linux-gnu/libxcb-xinput.so.0.1.0
      0x7ffff27ea000     0x7ffff27ee000     0x4000        0x0  r--p   /usr/lib/x86_64-linux-gnu/libICE.so.6.3.0
      0x7ffff27ee000     0x7ffff27fd000     0xf000     0x4000  r-xp   /usr/lib/x86_64-linux-gnu/libICE.so.6.3.0
      0x7ffff27fd000     0x7ffff2801000     0x4000    0x13000  r--p   /usr/lib/x86_64-linux-gnu/libICE.so.6.3.0
      0x7ffff2801000     0x7ffff2802000     0x1000    0x16000  r--p   /usr/lib/x86_64-linux-gnu/libICE.so.6.3.0
      0x7ffff2802000     0x7ffff2803000     0x1000    0x17000  rw-p   /usr/lib/x86_64-linux-gnu/libICE.so.6.3.0
      0x7ffff2803000     0x7ffff2806000     0x3000        0x0  rw-p   
      0x7ffff2806000     0x7ffff2808000     0x2000        0x0  r--p   /usr/lib/x86_64-linux-gnu/libSM.so.6.0.1
      0x7ffff2808000     0x7ffff280d000     0x5000     0x2000  r-xp   /usr/lib/x86_64-linux-gnu/libSM.so.6.0.1
      0x7ffff280d000     0x7ffff280e000     0x1000     0x7000  r--p   /usr/lib/x86_64-linux-gnu/libSM.so.6.0.1
      0x7ffff280e000     0x7ffff280f000     0x1000     0x8000  r--p   /usr/lib/x86_64-linux-gnu/libSM.so.6.0.1
      0x7ffff280f000     0x7ffff2810000     0x1000     0x9000  rw-p   /usr/lib/x86_64-linux-gnu/libSM.so.6.0.1
      0x7ffff2810000     0x7ffff2811000     0x1000        0x0  r--p   /usr/lib/x86_64-linux-gnu/libX11-xcb.so.1.0.0
      0x7ffff2811000     0x7ffff2812000     0x1000     0x1000  r-xp   /usr/lib/x86_64-linux-gnu/libX11-xcb.so.1.0.0
      0x7ffff2812000     0x7ffff2813000     0x1000     0x2000  r--p   /usr/lib/x86_64-linux-gnu/libX11-xcb.so.1.0.0
      0x7ffff2813000     0x7ffff2814000     0x1000     0x2000  r--p   /usr/lib/x86_64-linux-gnu/libX11-xcb.so.1.0.0
      0x7ffff2814000     0x7ffff2815000     0x1000     0x3000  rw-p   /usr/lib/x86_64-linux-gnu/libX11-xcb.so.1.0.0
      0x7ffff2815000     0x7ffff2852000    0x3d000        0x0  r--p   /usr/lib/x86_64-linux-gnu/libQt6XcbQpa.so.6.11.1
      0x7ffff2852000     0x7ffff28b5000    0x63000    0x3c000  r-xp   /usr/lib/x86_64-linux-gnu/libQt6XcbQpa.so.6.11.1
      0x7ffff28b5000     0x7ffff28bb000     0x6000    0x9e000  r--p   /usr/lib/x86_64-linux-gnu/libQt6XcbQpa.so.6.11.1
      0x7ffff28bb000     0x7ffff28bd000     0x2000    0xa3000  rw-p   /usr/lib/x86_64-linux-gnu/libQt6XcbQpa.so.6.11.1
      0x7ffff28bd000     0x7ffff2a00000   0x143000        0x0  rw-p   
      0x7ffff2a00000     0x7ffff2a01000     0x1000        0x0  r--p   /usr/lib/x86_64-linux-gnu/libicudata.so.74.2
      0x7ffff2a01000     0x7ffff2a02000     0x1000     0x1000  r-xp   /usr/lib/x86_64-linux-gnu/libicudata.so.74.2
      0x7ffff2a02000     0x7ffff475e000  0x1d5c000     0x2000  r--p   /usr/lib/x86_64-linux-gnu/libicudata.so.74.2
      0x7ffff475e000     0x7ffff475f000     0x1000  0x1d5d000  r--p   /usr/lib/x86_64-linux-gnu/libicudata.so.74.2
      0x7ffff475f000     0x7ffff4760000     0x1000  0x1d5e000  rw-p   /usr/lib/x86_64-linux-gnu/libicudata.so.74.2
      0x7ffff4761000     0x7ffff476b000     0xa000        0x0  r--p   /usr/lib/x86_64-linux-gnu/libxcb-xkb.so.1.0.0
      0x7ffff476b000     0x7ffff4778000     0xd000     0xa000  r-xp   /usr/lib/x86_64-linux-gnu/libxcb-xkb.so.1.0.0
      0x7ffff4778000     0x7ffff477d000     0x5000    0x17000  r--p   /usr/lib/x86_64-linux-gnu/libxcb-xkb.so.1.0.0
      0x7ffff477d000     0x7ffff477e000     0x1000    0x1b000  r--p   /usr/lib/x86_64-linux-gnu/libxcb-xkb.so.1.0.0
      0x7ffff477e000     0x7ffff477f000     0x1000    0x1c000  rw-p   /usr/lib/x86_64-linux-gnu/libxcb-xkb.so.1.0.0
      0x7ffff477f000     0x7ffff4782000     0x3000        0x0  r--p   /usr/lib/x86_64-linux-gnu/libxcb-xfixes.so.0.0.0
      0x7ffff4782000     0x7ffff4785000     0x3000     0x3000  r-xp   /usr/lib/x86_64-linux-gnu/libxcb-xfixes.so.0.0.0
      0x7ffff4785000     0x7ffff4787000     0x2000     0x6000  r--p   /usr/lib/x86_64-linux-gnu/libxcb-xfixes.so.0.0.0
      0x7ffff4787000     0x7ffff4788000     0x1000     0x7000  r--p   /usr/lib/x86_64-linux-gnu/libxcb-xfixes.so.0.0.0
      0x7ffff4788000     0x7ffff4789000     0x1000     0x8000  rw-p   /usr/lib/x86_64-linux-gnu/libxcb-xfixes.so.0.0.0
      0x7ffff4789000     0x7ffff478c000     0x3000        0x0  r--p   /usr/lib/x86_64-linux-gnu/libxcb-sync.so.1.0.0
      0x7ffff478c000     0x7ffff478f000     0x3000     0x3000  r-xp   /usr/lib/x86_64-linux-gnu/libxcb-sync.so.1.0.0
      0x7ffff478f000     0x7ffff4790000     0x1000     0x6000  r--p   /usr/lib/x86_64-linux-gnu/libxcb-sync.so.1.0.0
      0x7ffff4790000     0x7ffff4791000     0x1000     0x7000  r--p   /usr/lib/x86_64-linux-gnu/libxcb-sync.so.1.0.0
      0x7ffff4791000     0x7ffff4792000     0x1000     0x8000  rw-p   /usr/lib/x86_64-linux-gnu/libxcb-sync.so.1.0.0
      0x7ffff4792000     0x7ffff4793000     0x1000        0x0  r--p   /usr/lib/x86_64-linux-gnu/libxcb-shm.so.0.0.0
      0x7ffff4793000     0x7ffff4794000     0x1000     0x1000  r-xp   /usr/lib/x86_64-linux-gnu/libxcb-shm.so.0.0.0
      0x7ffff4794000     0x7ffff4795000     0x1000     0x2000  r--p   /usr/lib/x86_64-linux-gnu/libxcb-shm.so.0.0.0
      0x7ffff4795000     0x7ffff4796000     0x1000     0x2000  r--p   /usr/lib/x86_64-linux-gnu/libxcb-shm.so.0.0.0
      0x7ffff4796000     0x7ffff4797000     0x1000     0x3000  rw-p   /usr/lib/x86_64-linux-gnu/libxcb-shm.so.0.0.0
      0x7ffff4797000     0x7ffff4799000     0x2000        0x0  r--p   /usr/lib/x86_64-linux-gnu/libxcb-render-util.so.0.0.0
      0x7ffff4799000     0x7ffff479b000     0x2000     0x2000  r-xp   /usr/lib/x86_64-linux-gnu/libxcb-render-util.so.0.0.0
      0x7ffff479b000     0x7ffff479c000     0x1000     0x4000  r--p   /usr/lib/x86_64-linux-gnu/libxcb-render-util.so.0.0.0
      0x7ffff479c000     0x7ffff479d000     0x1000     0x4000  r--p   /usr/lib/x86_64-linux-gnu/libxcb-render-util.so.0.0.0
      0x7ffff479d000     0x7ffff479e000     0x1000     0x5000  rw-p   /usr/lib/x86_64-linux-gnu/libxcb-render-util.so.0.0.0
      0x7ffff479e000     0x7ffff47a3000     0x5000        0x0  r--p   /usr/lib/x86_64-linux-gnu/libxcb-render.so.0.0.0
      0x7ffff47a3000     0x7ffff47a8000     0x5000     0x5000  r-xp   /usr/lib/x86_64-linux-gnu/libxcb-render.so.0.0.0
      0x7ffff47a8000     0x7ffff47ab000     0x3000     0xa000  r--p   /usr/lib/x86_64-linux-gnu/libxcb-render.so.0.0.0
      0x7ffff47ab000     0x7ffff47ac000     0x1000     0xc000  r--p   /usr/lib/x86_64-linux-gnu/libxcb-render.so.0.0.0
      0x7ffff47ac000     0x7ffff47ad000     0x1000     0xd000  rw-p   /usr/lib/x86_64-linux-gnu/libxcb-render.so.0.0.0
      0x7ffff47ad000     0x7ffff47b4000     0x7000        0x0  r--p   /usr/lib/x86_64-linux-gnu/libxcb-randr.so.0.1.0
      0x7ffff47b4000     0x7ffff47b9000     0x5000     0x7000  r-xp   /usr/lib/x86_64-linux-gnu/libxcb-randr.so.0.1.0
      0x7ffff47b9000     0x7ffff47bc000     0x3000     0xc000  r--p   /usr/lib/x86_64-linux-gnu/libxcb-randr.so.0.1.0
      0x7ffff47bc000     0x7ffff47bd000     0x1000     0xf000  r--p   /usr/lib/x86_64-linux-gnu/libxcb-randr.so.0.1.0
      0x7ffff47bd000     0x7ffff47be000     0x1000    0x10000  rw-p   /usr/lib/x86_64-linux-gnu/libxcb-randr.so.0.1.0
      0x7ffff47bf000     0x7ffff47c2000     0x3000        0x0  r--s   /var/cache/fontconfig/16326683038b281783a0ef8c680e3a10-le64.cache-9
      0x7ffff47c2000     0x7ffff47c4000     0x2000        0x0  r--p   /usr/lib/x86_64-linux-gnu/libcanberra-gtk3.so.0.1.9
      0x7ffff47c4000     0x7ffff47c6000     0x2000     0x2000  r-xp   /usr/lib/x86_64-linux-gnu/libcanberra-gtk3.so.0.1.9
      0x7ffff47c6000     0x7ffff47c7000     0x1000     0x4000  r--p   /usr/lib/x86_64-linux-gnu/libcanberra-gtk3.so.0.1.9
      0x7ffff47c7000     0x7ffff47c8000     0x1000     0x4000  r--p   /usr/lib/x86_64-linux-gnu/libcanberra-gtk3.so.0.1.9
      0x7ffff47c8000     0x7ffff47c9000     0x1000     0x5000  rw-p   /usr/lib/x86_64-linux-gnu/libcanberra-gtk3.so.0.1.9
      0x7ffff47c9000     0x7ffff47cb000     0x2000        0x0  r--p   /usr/lib/x86_64-linux-gnu/gtk-3.0/modules/libcanberra-gtk3-module.so
      0x7ffff47cb000     0x7ffff47ce000     0x3000     0x2000  r-xp   /usr/lib/x86_64-linux-gnu/gtk-3.0/modules/libcanberra-gtk3-module.so
      0x7ffff47ce000     0x7ffff47cf000     0x1000     0x5000  r--p   /usr/lib/x86_64-linux-gnu/gtk-3.0/modules/libcanberra-gtk3-module.so
      0x7ffff47cf000     0x7ffff47d0000     0x1000     0x5000  r--p   /usr/lib/x86_64-linux-gnu/gtk-3.0/modules/libcanberra-gtk3-module.so
      0x7ffff47d0000     0x7ffff47d1000     0x1000     0x6000  rw-p   /usr/lib/x86_64-linux-gnu/gtk-3.0/modules/libcanberra-gtk3-module.so
      0x7ffff47d1000     0x7ffff47f2000    0x21000        0x0  r--p   /usr/share/locale-langpack/ru/LC_MESSAGES/gtk30.mo
      0x7ffff47f2000     0x7ffff47f3000     0x1000        0x0  r--p   /usr/lib/x86_64-linux-gnu/libpthread.so.0
      0x7ffff47f3000     0x7ffff47f4000     0x1000     0x1000  r-xp   /usr/lib/x86_64-linux-gnu/libpthread.so.0
      0x7ffff47f4000     0x7ffff47f5000     0x1000     0x2000  r--p   /usr/lib/x86_64-linux-gnu/libpthread.so.0
      0x7ffff47f5000     0x7ffff47f6000     0x1000     0x2000  r--p   /usr/lib/x86_64-linux-gnu/libpthread.so.0
      0x7ffff47f6000     0x7ffff47f7000     0x1000     0x3000  rw-p   /usr/lib/x86_64-linux-gnu/libpthread.so.0
      0x7ffff47f7000     0x7ffff47f8000     0x1000        0x0  r--p   /usr/lib/x86_64-linux-gnu/libbrotlicommon.so.1.1.0
      0x7ffff47f8000     0x7ffff47f9000     0x1000     0x1000  r-xp   /usr/lib/x86_64-linux-gnu/libbrotlicommon.so.1.1.0
      0x7ffff47f9000     0x7ffff4818000    0x1f000     0x2000  r--p   /usr/lib/x86_64-linux-gnu/libbrotlicommon.so.1.1.0
      0x7ffff4818000     0x7ffff4819000     0x1000    0x21000  r--p   /usr/lib/x86_64-linux-gnu/libbrotlicommon.so.1.1.0
      0x7ffff4819000     0x7ffff481a000     0x1000    0x22000  rw-p   /usr/lib/x86_64-linux-gnu/libbrotlicommon.so.1.1.0
      0x7ffff481a000     0x7ffff4825000     0xb000        0x0  r--p   /usr/lib/x86_64-linux-gnu/libgomp.so.1.0.0
      0x7ffff4825000     0x7ffff4861000    0x3c000     0xb000  r-xp   /usr/lib/x86_64-linux-gnu/libgomp.so.1.0.0
      0x7ffff4861000     0x7ffff486e000     0xd000    0x47000  r--p   /usr/lib/x86_64-linux-gnu/libgomp.so.1.0.0
      0x7ffff486e000     0x7ffff486f000     0x1000    0x54000  r--p   /usr/lib/x86_64-linux-gnu/libgomp.so.1.0.0
      0x7ffff486f000     0x7ffff4870000     0x1000    0x55000  rw-p   /usr/lib/x86_64-linux-gnu/libgomp.so.1.0.0
      0x7ffff4870000     0x7ffff4872000     0x2000        0x0  r--p   /usr/lib/x86_64-linux-gnu/libpcre2-8.so.0.14.0
      0x7ffff4872000     0x7ffff491b000    0xa9000     0x2000  r-xp   /usr/lib/x86_64-linux-gnu/libpcre2-8.so.0.14.0
      0x7ffff491b000     0x7ffff4946000    0x2b000    0xab000  r--p   /usr/lib/x86_64-linux-gnu/libpcre2-8.so.0.14.0
      0x7ffff4946000     0x7ffff4947000     0x1000    0xd6000  r--p   /usr/lib/x86_64-linux-gnu/libpcre2-8.so.0.14.0
      0x7ffff4947000     0x7ffff4948000     0x1000    0xd7000  rw-p   /usr/lib/x86_64-linux-gnu/libpcre2-8.so.0.14.0
      0x7ffff4948000     0x7ffff4989000    0x41000        0x0  r--p   /usr/lib/x86_64-linux-gnu/libGLdispatch.so.0.0.0
      0x7ffff4989000     0x7ffff49c8000    0x3f000    0x41000  r-xp   /usr/lib/x86_64-linux-gnu/libGLdispatch.so.0.0.0
      0x7ffff49c8000     0x7ffff49db000    0x13000    0x80000  r--p   /usr/lib/x86_64-linux-gnu/libGLdispatch.so.0.0.0
      0x7ffff49db000     0x7ffff49f7000    0x1c000    0x93000  r--p   /usr/lib/x86_64-linux-gnu/libGLdispatch.so.0.0.0
      0x7ffff49f7000     0x7ffff49f8000     0x1000    0xaf000  rw-p   /usr/lib/x86_64-linux-gnu/libGLdispatch.so.0.0.0
      0x7ffff49f8000     0x7ffff4a00000     0x8000        0x0  rw-p   
      0x7ffff4a00000     0x7ffff4a68000    0x68000        0x0  r--p   /usr/lib/x86_64-linux-gnu/libicuuc.so.74.2
      0x7ffff4a68000     0x7ffff4b6d000   0x105000    0x68000  r-xp   /usr/lib/x86_64-linux-gnu/libicuuc.so.74.2
      0x7ffff4b6d000     0x7ffff4bf7000    0x8a000   0x16d000  r--p   /usr/lib/x86_64-linux-gnu/libicuuc.so.74.2
      0x7ffff4bf7000     0x7ffff4c0a000    0x13000   0x1f7000  r--p   /usr/lib/x86_64-linux-gnu/libicuuc.so.74.2
      0x7ffff4c0a000     0x7ffff4c0b000     0x1000   0x20a000  rw-p   /usr/lib/x86_64-linux-gnu/libicuuc.so.74.2
      0x7ffff4c0b000     0x7ffff4c0d000     0x2000        0x0  rw-p   
      0x7ffff4c0e000     0x7ffff4c0f000     0x1000        0x0  r--s   /var/cache/fontconfig/8a687c406b77f27d99abfeeba937fcce-le64.cache-9
      0x7ffff4c0f000     0x7ffff4c13000     0x4000        0x0  r--p   /usr/lib/x86_64-linux-gnu/libgpg-error.so.0.34.0
      0x7ffff4c13000     0x7ffff4c29000    0x16000     0x4000  r-xp   /usr/lib/x86_64-linux-gnu/libgpg-error.so.0.34.0
      0x7ffff4c29000     0x7ffff4c32000     0x9000    0x1a000  r--p   /usr/lib/x86_64-linux-gnu/libgpg-error.so.0.34.0
      0x7ffff4c32000     0x7ffff4c33000     0x1000    0x23000  r--p   /usr/lib/x86_64-linux-gnu/libgpg-error.so.0.34.0
      0x7ffff4c33000     0x7ffff4c34000     0x1000    0x24000  rw-p   /usr/lib/x86_64-linux-gnu/libgpg-error.so.0.34.0
      0x7ffff4c34000     0x7ffff4c37000     0x3000        0x0  r--p   /usr/lib/x86_64-linux-gnu/libgraphite2.so.3.2.1
      0x7ffff4c37000     0x7ffff4c54000    0x1d000     0x3000  r-xp   /usr/lib/x86_64-linux-gnu/libgraphite2.so.3.2.1
      0x7ffff4c54000     0x7ffff4c57000     0x3000    0x20000  r--p   /usr/lib/x86_64-linux-gnu/libgraphite2.so.3.2.1
      0x7ffff4c57000     0x7ffff4c59000     0x2000    0x22000  r--p   /usr/lib/x86_64-linux-gnu/libgraphite2.so.3.2.1
      0x7ffff4c59000     0x7ffff4c5a000     0x1000    0x24000  rw-p   /usr/lib/x86_64-linux-gnu/libgraphite2.so.3.2.1
      0x7ffff4c5a000     0x7ffff4c5e000     0x4000        0x0  r--p   /usr/lib/x86_64-linux-gnu/libexpat.so.1.9.1
      0x7ffff4c5e000     0x7ffff4c7b000    0x1d000     0x4000  r-xp   /usr/lib/x86_64-linux-gnu/libexpat.so.1.9.1
      0x7ffff4c7b000     0x7ffff4c83000     0x8000    0x21000  r--p   /usr/lib/x86_64-linux-gnu/libexpat.so.1.9.1
      0x7ffff4c83000     0x7ffff4c85000     0x2000    0x28000  r--p   /usr/lib/x86_64-linux-gnu/libexpat.so.1.9.1
      0x7ffff4c85000     0x7ffff4c86000     0x1000    0x2a000  rw-p   /usr/lib/x86_64-linux-gnu/libexpat.so.1.9.1
      0x7ffff4c86000     0x7ffff4c89000     0x3000        0x0  r--p   /usr/lib/x86_64-linux-gnu/liblzma.so.5.4.5
      0x7ffff4c89000     0x7ffff4cab000    0x22000     0x3000  r-xp   /usr/lib/x86_64-linux-gnu/liblzma.so.5.4.5
      0x7ffff4cab000     0x7ffff4cb6000     0xb000    0x25000  r--p   /usr/lib/x86_64-linux-gnu/liblzma.so.5.4.5
      0x7ffff4cb6000     0x7ffff4cb7000     0x1000    0x30000  r--p   /usr/lib/x86_64-linux-gnu/liblzma.so.5.4.5
      0x7ffff4cb7000     0x7ffff4cb8000     0x1000    0x31000  rw-p   /usr/lib/x86_64-linux-gnu/liblzma.so.5.4.5
      0x7ffff4cb8000     0x7ffff4cc7000     0xf000        0x0  r--p   /usr/lib/x86_64-linux-gnu/libgcrypt.so.20.4.3
      0x7ffff4cc7000     0x7ffff4dbb000    0xf4000     0xf000  r-xp   /usr/lib/x86_64-linux-gnu/libgcrypt.so.20.4.3
      0x7ffff4dbb000     0x7ffff4df6000    0x3b000   0x103000  r--p   /usr/lib/x86_64-linux-gnu/libgcrypt.so.20.4.3
      0x7ffff4df6000     0x7ffff4dfb000     0x5000   0x13e000  r--p   /usr/lib/x86_64-linux-gnu/libgcrypt.so.20.4.3
      0x7ffff4dfb000     0x7ffff4dff000     0x4000   0x143000  rw-p   /usr/lib/x86_64-linux-gnu/libgcrypt.so.20.4.3
      0x7ffff4dff000     0x7ffff4e00000     0x1000        0x0  rw-p   
      0x7ffff4e00000     0x7ffff4eee000    0xee000        0x0  r--p   /usr/lib/x86_64-linux-gnu/libicui18n.so.74.2
      0x7ffff4eee000     0x7ffff50b1000   0x1c3000    0xee000  r-xp   /usr/lib/x86_64-linux-gnu/libicui18n.so.74.2
      0x7ffff50b1000     0x7ffff513a000    0x89000   0x2b1000  r--p   /usr/lib/x86_64-linux-gnu/libicui18n.so.74.2
      0x7ffff513a000     0x7ffff514c000    0x12000   0x339000  r--p   /usr/lib/x86_64-linux-gnu/libicui18n.so.74.2
      0x7ffff514c000     0x7ffff514d000     0x1000   0x34b000  rw-p   /usr/lib/x86_64-linux-gnu/libicui18n.so.74.2
      0x7ffff514d000     0x7ffff514e000     0x1000        0x0  rw-p   
      0x7ffff514e000     0x7ffff5150000     0x2000        0x0  r--s   /home/kiko/.cache/fontconfig/2737497c29ede0cd92d031a13c11696a-le64.cache-9
      0x7ffff5150000     0x7ffff5159000     0x9000        0x0  rw-p   
      0x7ffff5159000     0x7ffff515d000     0x4000        0x0  r--p   /usr/lib/x86_64-linux-gnu/libbsd.so.0.12.1
      0x7ffff515d000     0x7ffff5169000     0xc000     0x4000  r-xp   /usr/lib/x86_64-linux-gnu/libbsd.so.0.12.1
      0x7ffff5169000     0x7ffff516c000     0x3000    0x10000  r--p   /usr/lib/x86_64-linux-gnu/libbsd.so.0.12.1
      0x7ffff516c000     0x7ffff516d000     0x1000    0x12000  r--p   /usr/lib/x86_64-linux-gnu/libbsd.so.0.12.1
      0x7ffff516d000     0x7ffff516e000     0x1000    0x13000  rw-p   /usr/lib/x86_64-linux-gnu/libbsd.so.0.12.1
      0x7ffff516e000     0x7ffff516f000     0x1000        0x0  rw-p   
      0x7ffff516f000     0x7ffff5172000     0x3000        0x0  r--p   /usr/lib/x86_64-linux-gnu/liblz4.so.1.9.4
      0x7ffff5172000     0x7ffff518d000    0x1b000     0x3000  r-xp   /usr/lib/x86_64-linux-gnu/liblz4.so.1.9.4
      0x7ffff518d000     0x7ffff518f000     0x2000    0x1e000  r--p   /usr/lib/x86_64-linux-gnu/liblz4.so.1.9.4
      0x7ffff518f000     0x7ffff5190000     0x1000    0x20000  r--p   /usr/lib/x86_64-linux-gnu/liblz4.so.1.9.4
      0x7ffff5190000     0x7ffff5191000     0x1000    0x21000  rw-p   /usr/lib/x86_64-linux-gnu/liblz4.so.1.9.4
      0x7ffff5191000     0x7ffff5195000     0x4000        0x0  r--p   /usr/lib/x86_64-linux-gnu/libzstd.so.1.5.5
      0x7ffff5195000     0x7ffff523c000    0xa7000     0x4000  r-xp   /usr/lib/x86_64-linux-gnu/libzstd.so.1.5.5
      0x7ffff523c000     0x7ffff5249000     0xd000    0xab000  r--p   /usr/lib/x86_64-linux-gnu/libzstd.so.1.5.5
      0x7ffff5249000     0x7ffff524a000     0x1000    0xb7000  r--p   /usr/lib/x86_64-linux-gnu/libzstd.so.1.5.5
      0x7ffff524a000     0x7ffff524b000     0x1000    0xb8000  rw-p   /usr/lib/x86_64-linux-gnu/libzstd.so.1.5.5
      0x7ffff524b000     0x7ffff524d000     0x2000        0x0  r--p   /usr/lib/x86_64-linux-gnu/libpcre2-16.so.0.14.0
      0x7ffff524d000     0x7ffff52dd000    0x90000     0x2000  r-xp   /usr/lib/x86_64-linux-gnu/libpcre2-16.so.0.14.0
      0x7ffff52dd000     0x7ffff5308000    0x2b000    0x92000  r--p   /usr/lib/x86_64-linux-gnu/libpcre2-16.so.0.14.0
      0x7ffff5308000     0x7ffff5309000     0x1000    0xbc000  r--p   /usr/lib/x86_64-linux-gnu/libpcre2-16.so.0.14.0
      0x7ffff5309000     0x7ffff530a000     0x1000    0xbd000  rw-p   /usr/lib/x86_64-linux-gnu/libpcre2-16.so.0.14.0
      0x7ffff530a000     0x7ffff530d000     0x3000        0x0  r--p   /usr/lib/x86_64-linux-gnu/libb2.so.1.0.4
      0x7ffff530d000     0x7ffff5324000    0x17000     0x3000  r-xp   /usr/lib/x86_64-linux-gnu/libb2.so.1.0.4
      0x7ffff5324000     0x7ffff5326000     0x2000    0x1a000  r--p   /usr/lib/x86_64-linux-gnu/libb2.so.1.0.4
      0x7ffff5326000     0x7ffff5327000     0x1000    0x1c000  r--p   /usr/lib/x86_64-linux-gnu/libb2.so.1.0.4
      0x7ffff5327000     0x7ffff5328000     0x1000    0x1d000  rw-p   /usr/lib/x86_64-linux-gnu/libb2.so.1.0.4
      0x7ffff5328000     0x7ffff5335000     0xd000        0x0  r--p   /usr/lib/x86_64-linux-gnu/libfreetype.so.6.20.1
      0x7ffff5335000     0x7ffff53c6000    0x91000     0xd000  r-xp   /usr/lib/x86_64-linux-gnu/libfreetype.so.6.20.1
      0x7ffff53c6000     0x7ffff53ec000    0x26000    0x9e000  r--p   /usr/lib/x86_64-linux-gnu/libfreetype.so.6.20.1
      0x7ffff53ec000     0x7ffff53f3000     0x7000    0xc4000  r--p   /usr/lib/x86_64-linux-gnu/libfreetype.so.6.20.1
      0x7ffff53f3000     0x7ffff53f4000     0x1000    0xcb000  rw-p   /usr/lib/x86_64-linux-gnu/libfreetype.so.6.20.1
      0x7ffff53f4000     0x7ffff53ff000     0xb000        0x0  r--p   /usr/lib/x86_64-linux-gnu/libharfbuzz.so.0.60830.0
      0x7ffff53ff000     0x7ffff54cd000    0xce000     0xb000  r-xp   /usr/lib/x86_64-linux-gnu/libharfbuzz.so.0.60830.0
      0x7ffff54cd000     0x7ffff54ff000    0x32000    0xd9000  r--p   /usr/lib/x86_64-linux-gnu/libharfbuzz.so.0.60830.0
      0x7ffff54ff000     0x7ffff5500000     0x1000   0x10b000  r--p   /usr/lib/x86_64-linux-gnu/libharfbuzz.so.0.60830.0
      0x7ffff5500000     0x7ffff5501000     0x1000   0x10c000  rw-p   /usr/lib/x86_64-linux-gnu/libharfbuzz.so.0.60830.0
      0x7ffff5501000     0x7ffff5506000     0x5000        0x0  r--p   /usr/lib/x86_64-linux-gnu/libpng16.so.16.43.0
      0x7ffff5506000     0x7ffff552e000    0x28000     0x5000  r-xp   /usr/lib/x86_64-linux-gnu/libpng16.so.16.43.0
      0x7ffff552e000     0x7ffff5537000     0x9000    0x2d000  r--p   /usr/lib/x86_64-linux-gnu/libpng16.so.16.43.0
      0x7ffff5537000     0x7ffff5538000     0x1000    0x35000  r--p   /usr/lib/x86_64-linux-gnu/libpng16.so.16.43.0
      0x7ffff5538000     0x7ffff5539000     0x1000    0x36000  rw-p   /usr/lib/x86_64-linux-gnu/libpng16.so.16.43.0
      0x7ffff5539000     0x7ffff5579000    0x40000        0x0  r--p   /usr/lib/x86_64-linux-gnu/libQt6DBus.so.6.11.1
      0x7ffff5579000     0x7ffff55f8000    0x7f000    0x3f000  r-xp   /usr/lib/x86_64-linux-gnu/libQt6DBus.so.6.11.1
      0x7ffff55f8000     0x7ffff55fd000     0x5000    0xbd000  r--p   /usr/lib/x86_64-linux-gnu/libQt6DBus.so.6.11.1
      0x7ffff55fd000     0x7ffff5600000     0x3000    0xc1000  rw-p   /usr/lib/x86_64-linux-gnu/libQt6DBus.so.6.11.1
      0x7ffff5600000     0x7ffff5889000   0x289000        0x0  r--p   /usr/lib/x86_64-linux-gnu/libQt6Core.so.6.11.1
      0x7ffff5889000     0x7ffff5c36000   0x3ad000   0x288000  r-xp   /usr/lib/x86_64-linux-gnu/libQt6Core.so.6.11.1
      0x7ffff5c36000     0x7ffff5c4d000    0x17000   0x634000  r--p   /usr/lib/x86_64-linux-gnu/libQt6Core.so.6.11.1
      0x7ffff5c4d000     0x7ffff5c56000     0x9000   0x64a000  rw-p   /usr/lib/x86_64-linux-gnu/libQt6Core.so.6.11.1
      0x7ffff5c56000     0x7ffff5c5a000     0x4000        0x0  rw-p   
      0x7ffff5c5a000     0x7ffff5c5c000     0x2000        0x0  r--p   /usr/lib/x86_64-linux-gnu/libmd.so.0.1.0
      0x7ffff5c5c000     0x7ffff5c65000     0x9000     0x2000  r-xp   /usr/lib/x86_64-linux-gnu/libmd.so.0.1.0
      0x7ffff5c65000     0x7ffff5c67000     0x2000     0xb000  r--p   /usr/lib/x86_64-linux-gnu/libmd.so.0.1.0
      0x7ffff5c67000     0x7ffff5c68000     0x1000     0xc000  r--p   /usr/lib/x86_64-linux-gnu/libmd.so.0.1.0
      0x7ffff5c68000     0x7ffff5c69000     0x1000     0xd000  rw-p   /usr/lib/x86_64-linux-gnu/libmd.so.0.1.0
      0x7ffff5c69000     0x7ffff5c6a000     0x1000        0x0  r--p   /usr/lib/x86_64-linux-gnu/libbrotlidec.so.1.1.0
      0x7ffff5c6a000     0x7ffff5c72000     0x8000     0x1000  r-xp   /usr/lib/x86_64-linux-gnu/libbrotlidec.so.1.1.0
      0x7ffff5c72000     0x7ffff5c75000     0x3000     0x9000  r--p   /usr/lib/x86_64-linux-gnu/libbrotlidec.so.1.1.0
      0x7ffff5c75000     0x7ffff5c76000     0x1000     0xb000  r--p   /usr/lib/x86_64-linux-gnu/libbrotlidec.so.1.1.0
      0x7ffff5c76000     0x7ffff5c77000     0x1000     0xc000  rw-p   /usr/lib/x86_64-linux-gnu/libbrotlidec.so.1.1.0
      0x7ffff5c77000     0x7ffff5c79000     0x2000        0x0  r--p   /usr/lib/x86_64-linux-gnu/libdouble-conversion.so.3.1
      0x7ffff5c79000     0x7ffff5c85000     0xc000     0x2000  r-xp   /usr/lib/x86_64-linux-gnu/libdouble-conversion.so.3.1
      0x7ffff5c85000     0x7ffff5c8a000     0x5000     0xe000  r--p   /usr/lib/x86_64-linux-gnu/libdouble-conversion.so.3.1
      0x7ffff5c8a000     0x7ffff5c8b000     0x1000    0x12000  r--p   /usr/lib/x86_64-linux-gnu/libdouble-conversion.so.3.1
      0x7ffff5c8b000     0x7ffff5c8c000     0x1000    0x13000  rw-p   /usr/lib/x86_64-linux-gnu/libdouble-conversion.so.3.1
      0x7ffff5c8c000     0x7ffff5ca1000    0x15000        0x0  r--p   /usr/lib/x86_64-linux-gnu/libOpenGL.so.0.0.0
      0x7ffff5ca1000     0x7ffff5cac000     0xb000    0x15000  r-xp   /usr/lib/x86_64-linux-gnu/libOpenGL.so.0.0.0
      0x7ffff5cac000     0x7ffff5cb1000     0x5000    0x20000  r--p   /usr/lib/x86_64-linux-gnu/libOpenGL.so.0.0.0
      0x7ffff5cb1000     0x7ffff5cb6000     0x5000    0x25000  r--p   /usr/lib/x86_64-linux-gnu/libOpenGL.so.0.0.0
      0x7ffff5cb6000     0x7ffff5cb7000     0x1000    0x2a000  rw-p   /usr/lib/x86_64-linux-gnu/libOpenGL.so.0.0.0
      0x7ffff5cb7000     0x7ffff5cd5000    0x1e000        0x0  r--p   /usr/lib/x86_64-linux-gnu/libglib-2.0.so.0.8000.0
      0x7ffff5cd5000     0x7ffff5d75000    0xa0000    0x1e000  r-xp   /usr/lib/x86_64-linux-gnu/libglib-2.0.so.0.8000.0
      0x7ffff5d75000     0x7ffff5dfd000    0x88000    0xbe000  r--p   /usr/lib/x86_64-linux-gnu/libglib-2.0.so.0.8000.0
      0x7ffff5dfd000     0x7ffff5dfe000     0x1000   0x146000  r--p   /usr/lib/x86_64-linux-gnu/libglib-2.0.so.0.8000.0
      0x7ffff5dfe000     0x7ffff5dff000     0x1000   0x147000  rw-p   /usr/lib/x86_64-linux-gnu/libglib-2.0.so.0.8000.0
      0x7ffff5dff000     0x7ffff5e00000     0x1000        0x0  rw-p   
      0x7ffff5e00000     0x7ffff607a000   0x27a000        0x0  r--p   /usr/lib/x86_64-linux-gnu/libQt6Gui.so.6.11.1
      0x7ffff607a000     0x7ffff66c7000   0x64d000   0x279000  r-xp   /usr/lib/x86_64-linux-gnu/libQt6Gui.so.6.11.1
      0x7ffff66c7000     0x7ffff66ec000    0x25000   0x8c5000  r--p   /usr/lib/x86_64-linux-gnu/libQt6Gui.so.6.11.1
      0x7ffff66ec000     0x7ffff66f9000     0xd000   0x8e9000  rw-p   /usr/lib/x86_64-linux-gnu/libQt6Gui.so.6.11.1
      0x7ffff66f9000     0x7ffff670d000    0x14000        0x0  rw-p   
      0x7ffff670d000     0x7ffff670e000     0x1000        0x0  r--s   /var/cache/fontconfig/3f7329c5293ffd510edef78f73874cfd-le64.cache-9
      0x7ffff670e000     0x7ffff6713000     0x5000        0x0  rw-p   
      0x7ffff6713000     0x7ffff6716000     0x3000        0x0  r--p   /usr/lib/x86_64-linux-gnu/libcap.so.2.66
      0x7ffff6716000     0x7ffff671c000     0x6000     0x3000  r-xp   /usr/lib/x86_64-linux-gnu/libcap.so.2.66
      0x7ffff671c000     0x7ffff671e000     0x2000     0x9000  r--p   /usr/lib/x86_64-linux-gnu/libcap.so.2.66
      0x7ffff671e000     0x7ffff671f000     0x1000     0xb000  r--p   /usr/lib/x86_64-linux-gnu/libcap.so.2.66
      0x7ffff671f000     0x7ffff6720000     0x1000     0xc000  rw-p   /usr/lib/x86_64-linux-gnu/libcap.so.2.66
      0x7ffff6720000     0x7ffff6736000    0x16000        0x0  r--p   /usr/lib/x86_64-linux-gnu/libsystemd.so.0.38.0
      0x7ffff6736000     0x7ffff67c5000    0x8f000    0x16000  r-xp   /usr/lib/x86_64-linux-gnu/libsystemd.so.0.38.0
      0x7ffff67c5000     0x7ffff67f3000    0x2e000    0xa5000  r--p   /usr/lib/x86_64-linux-gnu/libsystemd.so.0.38.0
      0x7ffff67f3000     0x7ffff67fe000     0xb000    0xd2000  r--p   /usr/lib/x86_64-linux-gnu/libsystemd.so.0.38.0
      0x7ffff67fe000     0x7ffff67ff000     0x1000    0xdd000  rw-p   /usr/lib/x86_64-linux-gnu/libsystemd.so.0.38.0
      0x7ffff67ff000     0x7ffff6800000     0x1000        0x0  rw-p   
      0x7ffff6800000     0x7ffff6ae7000   0x2e7000        0x0  r--p   /usr/lib/x86_64-linux-gnu/libQt6Widgets.so.6.11.1
      0x7ffff6ae7000     0x7ffff6f58000   0x471000   0x2e6000  r-xp   /usr/lib/x86_64-linux-gnu/libQt6Widgets.so.6.11.1
      0x7ffff6f58000     0x7ffff6f9b000    0x43000   0x756000  r--p   /usr/lib/x86_64-linux-gnu/libQt6Widgets.so.6.11.1
      0x7ffff6f9b000     0x7ffff6fa8000     0xd000   0x798000  rw-p   /usr/lib/x86_64-linux-gnu/libQt6Widgets.so.6.11.1
      0x7ffff6fa8000     0x7ffff6faf000     0x7000        0x0  rw-p   
      0x7ffff6faf000     0x7ffff6fb7000     0x8000        0x0  r--p   /usr/lib/x86_64-linux-gnu/libfontconfig.so.1.12.1
      0x7ffff6fb7000     0x7ffff6fe6000    0x2f000     0x8000  r-xp   /usr/lib/x86_64-linux-gnu/libfontconfig.so.1.12.1
      0x7ffff6fe6000     0x7ffff6ffd000    0x17000    0x37000  r--p   /usr/lib/x86_64-linux-gnu/libfontconfig.so.1.12.1
      0x7ffff6ffd000     0x7ffff6fff000     0x2000    0x4d000  r--p   /usr/lib/x86_64-linux-gnu/libfontconfig.so.1.12.1
      0x7ffff6fff000     0x7ffff7000000     0x1000    0x4f000  rw-p   /usr/lib/x86_64-linux-gnu/libfontconfig.so.1.12.1
      0x7ffff7000000     0x7ffff709d000    0x9d000        0x0  r--p   /usr/lib/x86_64-linux-gnu/libstdc++.so.6.0.33
      0x7ffff709d000     0x7ffff71e5000   0x148000    0x9d000  r-xp   /usr/lib/x86_64-linux-gnu/libstdc++.so.6.0.33
      0x7ffff71e5000     0x7ffff726c000    0x87000   0x1e5000  r--p   /usr/lib/x86_64-linux-gnu/libstdc++.so.6.0.33
      0x7ffff726c000     0x7ffff7277000     0xb000   0x26b000  r--p   /usr/lib/x86_64-linux-gnu/libstdc++.so.6.0.33
      0x7ffff7277000     0x7ffff727a000     0x3000   0x276000  rw-p   /usr/lib/x86_64-linux-gnu/libstdc++.so.6.0.33
      0x7ffff727a000     0x7ffff727e000     0x4000        0x0  rw-p   
      0x7ffff727e000     0x7ffff727f000     0x1000        0x0  r--s   /var/cache/fontconfig/c277e94e32b20404286a1ddafa5a80f0-le64.cache-9
      0x7ffff727f000     0x7ffff7281000     0x2000        0x0  r--p   /usr/lib/x86_64-linux-gnu/libXdmcp.so.6.0.0
      0x7ffff7281000     0x7ffff7283000     0x2000     0x2000  r-xp   /usr/lib/x86_64-linux-gnu/libXdmcp.so.6.0.0
      0x7ffff7283000     0x7ffff7285000     0x2000     0x4000  r--p   /usr/lib/x86_64-linux-gnu/libXdmcp.so.6.0.0
      0x7ffff7285000     0x7ffff7286000     0x1000     0x5000  r--p   /usr/lib/x86_64-linux-gnu/libXdmcp.so.6.0.0
      0x7ffff7286000     0x7ffff7287000     0x1000     0x6000  rw-p   /usr/lib/x86_64-linux-gnu/libXdmcp.so.6.0.0
      0x7ffff7287000     0x7ffff7289000     0x2000        0x0  r--p   /usr/lib/x86_64-linux-gnu/libmd4c.so.0.4.8
      0x7ffff7289000     0x7ffff7294000     0xb000     0x2000  r-xp   /usr/lib/x86_64-linux-gnu/libmd4c.so.0.4.8
      0x7ffff7294000     0x7ffff7297000     0x3000     0xd000  r--p   /usr/lib/x86_64-linux-gnu/libmd4c.so.0.4.8
      0x7ffff7297000     0x7ffff7298000     0x1000     0xf000  r--p   /usr/lib/x86_64-linux-gnu/libmd4c.so.0.4.8
      0x7ffff7298000     0x7ffff7299000     0x1000    0x10000  rw-p   /usr/lib/x86_64-linux-gnu/libmd4c.so.0.4.8
      0x7ffff7299000     0x7ffff72d5000    0x3c000        0x0  r--p   /usr/lib/x86_64-linux-gnu/libQt6PrintSupport.so.6.11.1
      0x7ffff72d5000     0x7ffff730e000    0x39000    0x3b000  r-xp   /usr/lib/x86_64-linux-gnu/libQt6PrintSupport.so.6.11.1
      0x7ffff730e000     0x7ffff7314000     0x6000    0x73000  r--p   /usr/lib/x86_64-linux-gnu/libQt6PrintSupport.so.6.11.1
      0x7ffff7314000     0x7ffff7316000     0x2000    0x78000  rw-p   /usr/lib/x86_64-linux-gnu/libQt6PrintSupport.so.6.11.1
      0x7ffff7316000     0x7ffff7317000     0x1000        0x0  rw-p   
      0x7ffff7317000     0x7ffff7327000    0x10000        0x0  r--p   /usr/lib/x86_64-linux-gnu/libm.so.6
      0x7ffff7327000     0x7ffff73a6000    0x7f000    0x10000  r-xp   /usr/lib/x86_64-linux-gnu/libm.so.6
      0x7ffff73a6000     0x7ffff73fe000    0x58000    0x8f000  r--p   /usr/lib/x86_64-linux-gnu/libm.so.6
      0x7ffff73fe000     0x7ffff73ff000     0x1000    0xe7000  r--p   /usr/lib/x86_64-linux-gnu/libm.so.6
      0x7ffff73ff000     0x7ffff7400000     0x1000    0xe8000  rw-p   /usr/lib/x86_64-linux-gnu/libm.so.6
      0x7ffff7400000     0x7ffff75ec000   0x1ec000        0x0  r--p   /usr/lib/beyondcompare/libQt6Pas.so.6
      0x7ffff75ec000     0x7ffff771c000   0x130000   0x1ec000  r-xp   /usr/lib/beyondcompare/libQt6Pas.so.6
      0x7ffff771c000     0x7ffff77d8000    0xbc000   0x31c000  r--p   /usr/lib/beyondcompare/libQt6Pas.so.6
      0x7ffff77d8000     0x7ffff77e0000     0x8000   0x3d7000  r--p   /usr/lib/beyondcompare/libQt6Pas.so.6
      0x7ffff77e0000     0x7ffff77fc000    0x1c000   0x3df000  rw-p   /usr/lib/beyondcompare/libQt6Pas.so.6
      0x7ffff77fc000     0x7ffff77fd000     0x1000        0x0  r--s   /var/cache/fontconfig/e0aa53bcfa504e64f87823c16bc01eb6-le64.cache-9
      0x7ffff77fd000     0x7ffff77fe000     0x1000        0x0  r--p   /usr/share/locale-langpack/ru/LC_MESSAGES/at-spi2-core.mo
      0x7ffff77fe000     0x7ffff7800000     0x2000        0x0  rw-p   
      0x7ffff7800000     0x7ffff7828000    0x28000        0x0  r--p   /usr/lib/x86_64-linux-gnu/libc.so.6
      0x7ffff7828000     0x7ffff79b0000   0x188000    0x28000  r-xp   /usr/lib/x86_64-linux-gnu/libc.so.6
      0x7ffff79b0000     0x7ffff79ff000    0x4f000   0x1b0000  r--p   /usr/lib/x86_64-linux-gnu/libc.so.6
      0x7ffff79ff000     0x7ffff7a03000     0x4000   0x1fe000  r--p   /usr/lib/x86_64-linux-gnu/libc.so.6
      0x7ffff7a03000     0x7ffff7a05000     0x2000   0x202000  rw-p   /usr/lib/x86_64-linux-gnu/libc.so.6
      0x7ffff7a05000     0x7ffff7a18000    0x13000        0x0  rw-p   
      0x7ffff7a18000     0x7ffff7a19000     0x1000        0x0  r--p   /usr/lib/x86_64-linux-gnu/libXau.so.6.0.0
      0x7ffff7a19000     0x7ffff7a1b000     0x2000     0x1000  r-xp   /usr/lib/x86_64-linux-gnu/libXau.so.6.0.0
      0x7ffff7a1b000     0x7ffff7a1c000     0x1000     0x3000  r--p   /usr/lib/x86_64-linux-gnu/libXau.so.6.0.0
      0x7ffff7a1c000     0x7ffff7a1d000     0x1000     0x3000  r--p   /usr/lib/x86_64-linux-gnu/libXau.so.6.0.0
      0x7ffff7a1d000     0x7ffff7a1e000     0x1000     0x4000  rw-p   /usr/lib/x86_64-linux-gnu/libXau.so.6.0.0
      0x7ffff7a1e000     0x7ffff7a21000     0x3000        0x0  r--p   /usr/lib/x86_64-linux-gnu/libGLX.so.0.0.0
      0x7ffff7a21000     0x7ffff7a3c000    0x1b000     0x3000  r-xp   /usr/lib/x86_64-linux-gnu/libGLX.so.0.0.0
      0x7ffff7a3c000     0x7ffff7a3f000     0x3000    0x1e000  r--p   /usr/lib/x86_64-linux-gnu/libGLX.so.0.0.0
      0x7ffff7a3f000     0x7ffff7a40000     0x1000    0x20000  r--p   /usr/lib/x86_64-linux-gnu/libGLX.so.0.0.0
      0x7ffff7a40000     0x7ffff7a41000     0x1000    0x21000  rw-p   /usr/lib/x86_64-linux-gnu/libGLX.so.0.0.0
      0x7ffff7a41000     0x7ffff7a51000    0x10000        0x0  rw-p   
      0x7ffff7a51000     0x7ffff7a5c000     0xb000        0x0  r--p   /usr/lib/x86_64-linux-gnu/libxcb.so.1.1.0
      0x7ffff7a5c000     0x7ffff7a6f000    0x13000     0xb000  r-xp   /usr/lib/x86_64-linux-gnu/libxcb.so.1.1.0
      0x7ffff7a6f000     0x7ffff7a78000     0x9000    0x1e000  r--p   /usr/lib/x86_64-linux-gnu/libxcb.so.1.1.0
      0x7ffff7a78000     0x7ffff7a79000     0x1000    0x26000  r--p   /usr/lib/x86_64-linux-gnu/libxcb.so.1.1.0
      0x7ffff7a79000     0x7ffff7a7a000     0x1000    0x27000  rw-p   /usr/lib/x86_64-linux-gnu/libxcb.so.1.1.0
      0x7ffff7a7a000     0x7ffff7a7f000     0x5000        0x0  r--p   /usr/lib/x86_64-linux-gnu/libxkbcommon.so.0.0.0
      0x7ffff7a7f000     0x7ffff7a9f000    0x20000     0x5000  r-xp   /usr/lib/x86_64-linux-gnu/libxkbcommon.so.0.0.0
      0x7ffff7a9f000     0x7ffff7ac0000    0x21000    0x25000  r--p   /usr/lib/x86_64-linux-gnu/libxkbcommon.so.0.0.0
      0x7ffff7ac0000     0x7ffff7ac2000     0x2000    0x45000  r--p   /usr/lib/x86_64-linux-gnu/libxkbcommon.so.0.0.0
      0x7ffff7ac2000     0x7ffff7ac3000     0x1000    0x47000  rw-p   /usr/lib/x86_64-linux-gnu/libxkbcommon.so.0.0.0
      0x7ffff7ac3000     0x7ffff7adc000    0x19000        0x0  r--p   /usr/lib/x86_64-linux-gnu/libX11.so.6.4.0
      0x7ffff7adc000     0x7ffff7b6c000    0x90000    0x19000  r-xp   /usr/lib/x86_64-linux-gnu/libX11.so.6.4.0
      0x7ffff7b6c000     0x7ffff7bfb000    0x8f000    0xa9000  r--p   /usr/lib/x86_64-linux-gnu/libX11.so.6.4.0
      0x7ffff7bfb000     0x7ffff7bfc000     0x1000   0x138000  r--p   /usr/lib/x86_64-linux-gnu/libX11.so.6.4.0
      0x7ffff7bfc000     0x7ffff7c00000     0x4000   0x139000  rw-p   /usr/lib/x86_64-linux-gnu/libX11.so.6.4.0
      0x7ffff7c00000     0x7ffff7ca7000    0xa7000        0x0  r--p   /usr/lib/beyondcompare/lib7z.so
      0x7ffff7ca7000     0x7ffff7e30000   0x189000    0xa7000  r-xp   /usr/lib/beyondcompare/lib7z.so
      0x7ffff7e30000     0x7ffff7e92000    0x62000   0x230000  r--p   /usr/lib/beyondcompare/lib7z.so
      0x7ffff7e92000     0x7ffff7ea6000    0x14000   0x291000  r--p   /usr/lib/beyondcompare/lib7z.so
      0x7ffff7ea6000     0x7ffff7eab000     0x5000   0x2a5000  rw-p   /usr/lib/beyondcompare/lib7z.so
      0x7ffff7eab000     0x7ffff7ec2000    0x17000        0x0  rw-p   
      0x7ffff7ec2000     0x7ffff7ec5000     0x3000        0x0  r--p   /usr/lib/x86_64-linux-gnu/libEGL.so.1.1.0
      0x7ffff7ec5000     0x7ffff7ecf000     0xa000     0x3000  r-xp   /usr/lib/x86_64-linux-gnu/libEGL.so.1.1.0
      0x7ffff7ecf000     0x7ffff7ed2000     0x3000     0xd000  r--p   /usr/lib/x86_64-linux-gnu/libEGL.so.1.1.0
      0x7ffff7ed2000     0x7ffff7ed3000     0x1000    0x10000  r--p   /usr/lib/x86_64-linux-gnu/libEGL.so.1.1.0
      0x7ffff7ed3000     0x7ffff7ed4000     0x1000    0x11000  rw-p   /usr/lib/x86_64-linux-gnu/libEGL.so.1.1.0
      0x7ffff7ed4000     0x7ffff7ed8000     0x4000        0x0  rw-p   
      0x7ffff7ed8000     0x7ffff7edc000     0x4000        0x0  r--p   /usr/lib/x86_64-linux-gnu/libgcc_s.so.1
      0x7ffff7edc000     0x7ffff7f00000    0x24000     0x4000  r-xp   /usr/lib/x86_64-linux-gnu/libgcc_s.so.1
      0x7ffff7f00000     0x7ffff7f04000     0x4000    0x28000  r--p   /usr/lib/x86_64-linux-gnu/libgcc_s.so.1
      0x7ffff7f04000     0x7ffff7f05000     0x1000    0x2b000  r--p   /usr/lib/x86_64-linux-gnu/libgcc_s.so.1
      0x7ffff7f05000     0x7ffff7f06000     0x1000    0x2c000  rw-p   /usr/lib/x86_64-linux-gnu/libgcc_s.so.1
      0x7ffff7f06000     0x7ffff7f12000     0xc000        0x0  r--p   /usr/lib/x86_64-linux-gnu/libdbus-1.so.3.32.4
      0x7ffff7f12000     0x7ffff7f42000    0x30000     0xc000  r-xp   /usr/lib/x86_64-linux-gnu/libdbus-1.so.3.32.4
      0x7ffff7f42000     0x7ffff7f53000    0x11000    0x3c000  r--p   /usr/lib/x86_64-linux-gnu/libdbus-1.so.3.32.4
      0x7ffff7f53000     0x7ffff7f54000     0x1000    0x4c000  r--p   /usr/lib/x86_64-linux-gnu/libdbus-1.so.3.32.4
      0x7ffff7f54000     0x7ffff7f55000     0x1000    0x4d000  rw-p   /usr/lib/x86_64-linux-gnu/libdbus-1.so.3.32.4
      0x7ffff7f55000     0x7ffff7f57000     0x2000        0x0  r--p   /usr/lib/x86_64-linux-gnu/libz.so.1.3
      0x7ffff7f57000     0x7ffff7f69000    0x12000     0x2000  r-xp   /usr/lib/x86_64-linux-gnu/libz.so.1.3
      0x7ffff7f69000     0x7ffff7f6f000     0x6000    0x14000  r--p   /usr/lib/x86_64-linux-gnu/libz.so.1.3
      0x7ffff7f6f000     0x7ffff7f70000     0x1000    0x1a000  r--p   /usr/lib/x86_64-linux-gnu/libz.so.1.3
      0x7ffff7f70000     0x7ffff7f71000     0x1000    0x1b000  rw-p   /usr/lib/x86_64-linux-gnu/libz.so.1.3
      0x7ffff7f71000     0x7ffff7f73000     0x2000        0x0  rw-p   
      0x7ffff7f73000     0x7ffff7f75000     0x2000        0x0  r--p   /usr/lib/x86_64-linux-gnu/libbz2.so.1.0.4
      0x7ffff7f75000     0x7ffff7f83000     0xe000     0x2000  r-xp   /usr/lib/x86_64-linux-gnu/libbz2.so.1.0.4
      0x7ffff7f83000     0x7ffff7f85000     0x2000    0x10000  r--p   /usr/lib/x86_64-linux-gnu/libbz2.so.1.0.4
      0x7ffff7f85000     0x7ffff7f86000     0x1000    0x11000  r--p   /usr/lib/x86_64-linux-gnu/libbz2.so.1.0.4
      0x7ffff7f86000     0x7ffff7f87000     0x1000    0x12000  rw-p   /usr/lib/x86_64-linux-gnu/libbz2.so.1.0.4
      0x7ffff7f87000     0x7ffff7f88000     0x1000        0x0  r--p   /usr/lib/x86_64-linux-gnu/libxcb-shape.so.0.0.0
      0x7ffff7f88000     0x7ffff7f89000     0x1000     0x1000  r-xp   /usr/lib/x86_64-linux-gnu/libxcb-shape.so.0.0.0
      0x7ffff7f89000     0x7ffff7f8a000     0x1000     0x2000  r--p   /usr/lib/x86_64-linux-gnu/libxcb-shape.so.0.0.0
      0x7ffff7f8a000     0x7ffff7f8b000     0x1000     0x2000  r--p   /usr/lib/x86_64-linux-gnu/libxcb-shape.so.0.0.0
      0x7ffff7f8b000     0x7ffff7f8c000     0x1000     0x3000  rw-p   /usr/lib/x86_64-linux-gnu/libxcb-shape.so.0.0.0
      0x7ffff7f8c000     0x7ffff7f8d000     0x1000        0x0  r--p   /usr/lib/x86_64-linux-gnu/libxcb-keysyms.so.1.0.0
      0x7ffff7f8d000     0x7ffff7f8e000     0x1000     0x1000  r-xp   /usr/lib/x86_64-linux-gnu/libxcb-keysyms.so.1.0.0
      0x7ffff7f8e000     0x7ffff7f8f000     0x1000     0x2000  r--p   /usr/lib/x86_64-linux-gnu/libxcb-keysyms.so.1.0.0
      0x7ffff7f8f000     0x7ffff7f90000     0x1000     0x2000  r--p   /usr/lib/x86_64-linux-gnu/libxcb-keysyms.so.1.0.0
      0x7ffff7f90000     0x7ffff7f91000     0x1000     0x3000  rw-p   /usr/lib/x86_64-linux-gnu/libxcb-keysyms.so.1.0.0
      0x7ffff7f91000     0x7ffff7f92000     0x1000        0x0  r--p   /usr/lib/x86_64-linux-gnu/libxcb-image.so.0.0.0
      0x7ffff7f92000     0x7ffff7f94000     0x2000     0x1000  r-xp   /usr/lib/x86_64-linux-gnu/libxcb-image.so.0.0.0
      0x7ffff7f94000     0x7ffff7f95000     0x1000     0x3000  r--p   /usr/lib/x86_64-linux-gnu/libxcb-image.so.0.0.0
      0x7ffff7f95000     0x7ffff7f96000     0x1000     0x3000  r--p   /usr/lib/x86_64-linux-gnu/libxcb-image.so.0.0.0
      0x7ffff7f96000     0x7ffff7f97000     0x1000     0x4000  rw-p   /usr/lib/x86_64-linux-gnu/libxcb-image.so.0.0.0
      0x7ffff7f97000     0x7ffff7f99000     0x2000        0x0  r--p   /usr/lib/x86_64-linux-gnu/libxcb-icccm.so.4.0.0
      0x7ffff7f99000     0x7ffff7f9b000     0x2000     0x2000  r-xp   /usr/lib/x86_64-linux-gnu/libxcb-icccm.so.4.0.0
      0x7ffff7f9b000     0x7ffff7f9c000     0x1000     0x4000  r--p   /usr/lib/x86_64-linux-gnu/libxcb-icccm.so.4.0.0
      0x7ffff7f9c000     0x7ffff7f9d000     0x1000     0x4000  r--p   /usr/lib/x86_64-linux-gnu/libxcb-icccm.so.4.0.0
      0x7ffff7f9d000     0x7ffff7f9e000     0x1000     0x5000  rw-p   /usr/lib/x86_64-linux-gnu/libxcb-icccm.so.4.0.0
      0x7ffff7f9e000     0x7ffff7fa0000     0x2000        0x0  r--p   /usr/lib/x86_64-linux-gnu/libxcb-cursor.so.0.0.0
      0x7ffff7fa0000     0x7ffff7fa2000     0x2000     0x2000  r-xp   /usr/lib/x86_64-linux-gnu/libxcb-cursor.so.0.0.0
      0x7ffff7fa2000     0x7ffff7fa3000     0x1000     0x4000  r--p   /usr/lib/x86_64-linux-gnu/libxcb-cursor.so.0.0.0
      0x7ffff7fa3000     0x7ffff7fa4000     0x1000     0x4000  r--p   /usr/lib/x86_64-linux-gnu/libxcb-cursor.so.0.0.0
      0x7ffff7fa4000     0x7ffff7fa5000     0x1000     0x5000  rw-p   /usr/lib/x86_64-linux-gnu/libxcb-cursor.so.0.0.0
      0x7ffff7fa5000     0x7ffff7fa7000     0x2000        0x0  r--p   /usr/lib/x86_64-linux-gnu/qt6/plugins/platforms/libqxcb.so
      0x7ffff7fa7000     0x7ffff7fa8000     0x1000     0x1000  r-xp   /usr/lib/x86_64-linux-gnu/qt6/plugins/platforms/libqxcb.so
      0x7ffff7fa8000     0x7ffff7fa9000     0x1000     0x1000  r--p   /usr/lib/x86_64-linux-gnu/qt6/plugins/platforms/libqxcb.so
      0x7ffff7fa9000     0x7ffff7faa000     0x1000     0x1000  rw-p   /usr/lib/x86_64-linux-gnu/qt6/plugins/platforms/libqxcb.so
      0x7ffff7faa000     0x7ffff7fab000     0x1000        0x0  r--p   /usr/lib/x86_64-linux-gnu/gconv/UTF-16.so
      0x7ffff7fab000     0x7ffff7fae000     0x3000     0x1000  r-xp   /usr/lib/x86_64-linux-gnu/gconv/UTF-16.so
      0x7ffff7fae000     0x7ffff7faf000     0x1000     0x4000  r--p   /usr/lib/x86_64-linux-gnu/gconv/UTF-16.so
      0x7ffff7faf000     0x7ffff7fb0000     0x1000     0x4000  r--p   /usr/lib/x86_64-linux-gnu/gconv/UTF-16.so
      0x7ffff7fb0000     0x7ffff7fb1000     0x1000     0x5000  rw-p   /usr/lib/x86_64-linux-gnu/gconv/UTF-16.so
      0x7ffff7fb1000     0x7ffff7fb8000     0x7000        0x0  r--s   /usr/lib/x86_64-linux-gnu/gconv/gconv-modules.cache
      0x7ffff7fb8000     0x7ffff7fbd000     0x5000        0x0  rw-p   
      0x7ffff7fbd000     0x7ffff7fc1000     0x4000        0x0  r--p   [vvar]
      0x7ffff7fc1000     0x7ffff7fc3000     0x2000        0x0  r--p   [vvar_vclock]
      0x7ffff7fc3000     0x7ffff7fc5000     0x2000        0x0  r-xp   [vdso]
      0x7ffff7fc5000     0x7ffff7fc6000     0x1000        0x0  r--p   /usr/lib/x86_64-linux-gnu/ld-linux-x86-64.so.2
      0x7ffff7fc6000     0x7ffff7ff1000    0x2b000     0x1000  r-xp   /usr/lib/x86_64-linux-gnu/ld-linux-x86-64.so.2
      0x7ffff7ff1000     0x7ffff7ffb000     0xa000    0x2c000  r--p   /usr/lib/x86_64-linux-gnu/ld-linux-x86-64.so.2
      0x7ffff7ffb000     0x7ffff7ffd000     0x2000    0x36000  r--p   /usr/lib/x86_64-linux-gnu/ld-linux-x86-64.so.2
      0x7ffff7ffd000     0x7ffff7fff000     0x2000    0x38000  rw-p   /usr/lib/x86_64-linux-gnu/ld-linux-x86-64.so.2
      0x7ffffffdd000     0x7ffffffff000    0x22000        0x0  rw-p   [stack]
  0xffffffffff600000 0xffffffffff601000     0x1000        0x0  --xp   [vsyscall]
Python Exception <class 'ValueError'>: invalid literal for int() with base 16: '      0x555556203000     0x55555730b000  0x1108000   0xcaf000  r'
Error occurred in Python: invalid literal for int() with base 16: '      0x555556203000     0x55555730b000  0x1108000   0xcaf000  r'
Continuing.

Thread 1 "BCompare" received signal SIGSEGV, Segmentation fault.
0x0000555557297c7d in ?? ()
(gdb) 